Archive member included to satisfy reference by file (symbol)

/usr/lib/gcc/arm-none-eabi/10.3.1/thumb/v6-m/nofp/libgcc.a(_dvmd_tls.o)
                              CMakeFiles/main.dir/home/bira/pico/pico-sdk/src/rp2_common/pico_divider/divider_hardware.S.o (__aeabi_idiv0)
/usr/lib/gcc/arm-none-eabi/10.3.1/../../../arm-none-eabi/lib/thumb/v6-m/nofp/libg.a(lib_a-atexit.o)
                              /usr/lib/gcc/arm-none-eabi/10.3.1/../../../arm-none-eabi/lib/thumb/v6-m/nofp/crt0.o (atexit)
/usr/lib/gcc/arm-none-eabi/10.3.1/../../../arm-none-eabi/lib/thumb/v6-m/nofp/libg.a(lib_a-calloc.o)
                              CMakeFiles/main.dir/home/bira/pico/pico-sdk/src/rp2_common/pico_malloc/malloc.c.o (calloc)
/usr/lib/gcc/arm-none-eabi/10.3.1/../../../arm-none-eabi/lib/thumb/v6-m/nofp/libg.a(lib_a-callocr.o)
                              /usr/lib/gcc/arm-none-eabi/10.3.1/../../../arm-none-eabi/lib/thumb/v6-m/nofp/libg.a(lib_a-calloc.o) (_calloc_r)
/usr/lib/gcc/arm-none-eabi/10.3.1/../../../arm-none-eabi/lib/thumb/v6-m/nofp/libg.a(lib_a-fini.o)
                              /usr/lib/gcc/arm-none-eabi/10.3.1/../../../arm-none-eabi/lib/thumb/v6-m/nofp/crt0.o (__libc_fini_array)
/usr/lib/gcc/arm-none-eabi/10.3.1/../../../arm-none-eabi/lib/thumb/v6-m/nofp/libg.a(lib_a-impure.o)
                              /usr/lib/gcc/arm-none-eabi/10.3.1/../../../arm-none-eabi/lib/thumb/v6-m/nofp/libg.a(lib_a-calloc.o) (_impure_ptr)
/usr/lib/gcc/arm-none-eabi/10.3.1/../../../arm-none-eabi/lib/thumb/v6-m/nofp/libg.a(lib_a-init.o)
                              /usr/lib/gcc/arm-none-eabi/10.3.1/../../../arm-none-eabi/lib/thumb/v6-m/nofp/crt0.o (__libc_init_array)
/usr/lib/gcc/arm-none-eabi/10.3.1/../../../arm-none-eabi/lib/thumb/v6-m/nofp/libg.a(lib_a-lcltime_r.o)
                              CMakeFiles/main.dir/home/bira/pico/pico-sdk/src/common/pico_util/datetime.c.o (localtime_r)
/usr/lib/gcc/arm-none-eabi/10.3.1/../../../arm-none-eabi/lib/thumb/v6-m/nofp/libg.a(lib_a-malloc.o)
                              CMakeFiles/main.dir/home/bira/pico/pico-sdk/src/rp2_common/pico_malloc/malloc.c.o (malloc)
/usr/lib/gcc/arm-none-eabi/10.3.1/../../../arm-none-eabi/lib/thumb/v6-m/nofp/libg.a(lib_a-mallocr.o)
                              /usr/lib/gcc/arm-none-eabi/10.3.1/../../../arm-none-eabi/lib/thumb/v6-m/nofp/libg.a(lib_a-callocr.o) (_malloc_r)
/usr/lib/gcc/arm-none-eabi/10.3.1/../../../arm-none-eabi/lib/thumb/v6-m/nofp/libg.a(lib_a-memcmp.o)
                              CMakeFiles/main.dir/home/bira/pico/pico-sdk/src/rp2_common/pico_atomic/atomic.c.o (memcmp)
/usr/lib/gcc/arm-none-eabi/10.3.1/../../../arm-none-eabi/lib/thumb/v6-m/nofp/libg.a(lib_a-mktime.o)
                              CMakeFiles/main.dir/home/bira/pico/pico-sdk/src/common/pico_util/datetime.c.o (mktime)
/usr/lib/gcc/arm-none-eabi/10.3.1/../../../arm-none-eabi/lib/thumb/v6-m/nofp/libg.a(lib_a-mlock.o)
                              /usr/lib/gcc/arm-none-eabi/10.3.1/../../../arm-none-eabi/lib/thumb/v6-m/nofp/libg.a(lib_a-mallocr.o) (__malloc_lock)
/usr/lib/gcc/arm-none-eabi/10.3.1/../../../arm-none-eabi/lib/thumb/v6-m/nofp/libg.a(lib_a-month_lengths.o)
                              /usr/lib/gcc/arm-none-eabi/10.3.1/../../../arm-none-eabi/lib/thumb/v6-m/nofp/libg.a(lib_a-lcltime_r.o) (__month_lengths)
/usr/lib/gcc/arm-none-eabi/10.3.1/../../../arm-none-eabi/lib/thumb/v6-m/nofp/libg.a(lib_a-realloc.o)
                              CMakeFiles/main.dir/home/bira/pico/pico-sdk/src/rp2_common/pico_malloc/malloc.c.o (realloc)
/usr/lib/gcc/arm-none-eabi/10.3.1/../../../arm-none-eabi/lib/thumb/v6-m/nofp/libg.a(lib_a-reallocr.o)
                              /usr/lib/gcc/arm-none-eabi/10.3.1/../../../arm-none-eabi/lib/thumb/v6-m/nofp/libg.a(lib_a-realloc.o) (_realloc_r)
/usr/lib/gcc/arm-none-eabi/10.3.1/../../../arm-none-eabi/lib/thumb/v6-m/nofp/libg.a(lib_a-sbrkr.o)
                              /usr/lib/gcc/arm-none-eabi/10.3.1/../../../arm-none-eabi/lib/thumb/v6-m/nofp/libg.a(lib_a-mallocr.o) (_sbrk_r)
/usr/lib/gcc/arm-none-eabi/10.3.1/../../../arm-none-eabi/lib/thumb/v6-m/nofp/libg.a(lib_a-strlen-stub.o)
                              CMakeFiles/main.dir/home/bira/pico/pico-sdk/src/rp2_common/pico_stdio/stdio.c.o (strlen)
/usr/lib/gcc/arm-none-eabi/10.3.1/../../../arm-none-eabi/lib/thumb/v6-m/nofp/libg.a(lib_a-tzcalc_limits.o)
                              /usr/lib/gcc/arm-none-eabi/10.3.1/../../../arm-none-eabi/lib/thumb/v6-m/nofp/libg.a(lib_a-lcltime_r.o) (__tzcalc_limits)
/usr/lib/gcc/arm-none-eabi/10.3.1/../../../arm-none-eabi/lib/thumb/v6-m/nofp/libg.a(lib_a-tzlock.o)
                              /usr/lib/gcc/arm-none-eabi/10.3.1/../../../arm-none-eabi/lib/thumb/v6-m/nofp/libg.a(lib_a-lcltime_r.o) (__tz_lock)
/usr/lib/gcc/arm-none-eabi/10.3.1/../../../arm-none-eabi/lib/thumb/v6-m/nofp/libg.a(lib_a-tzset.o)
                              /usr/lib/gcc/arm-none-eabi/10.3.1/../../../arm-none-eabi/lib/thumb/v6-m/nofp/libg.a(lib_a-lcltime_r.o) (_tzset_unlocked)
[...]
Memory Configuration

Name             Origin             Length             Attributes
FLASH            0x0000000010000000 0x0000000000200000 xr
RAM              0x0000000020000000 0x0000000000040000 xrw
SCRATCH_X        0x0000000020040000 0x0000000000001000 xrw
SCRATCH_Y        0x0000000020041000 0x0000000000001000 xrw
*default*        0x0000000000000000 0xffffffffffffffff

Linker script and memory map

LOAD /usr/lib/gcc/arm-none-eabi/10.3.1/thumb/v6-m/nofp/crti.o
LOAD /usr/lib/gcc/arm-none-eabi/10.3.1/thumb/v6-m/nofp/crtbegin.o
LOAD /usr/lib/gcc/arm-none-eabi/10.3.1/../../../arm-none-eabi/lib/thumb/v6-m/nofp/crt0.o

.flash_begin    0x0000000010000000        0x0
                0x0000000010000000                __flash_binary_start = .

.boot2          0x0000000010000000      0x100
                0x0000000010000000                __boot2_start__ = .
 *(.boot2)
 .boot2         0x0000000010000000      0x100 pico-sdk/src/rp2040/boot_stage2/CMakeFiles/bs2_default_library.dir/bs2_default_padded_checksummed.S.o
                0x0000000010000100                __boot2_end__ = .
                0x0000000000000001                ASSERT (((__boot2_end__ - __boot2_start__) == 0x100), ERROR: Pico second stage bootloader must be 256 bytes in size)

.text           0x0000000010000100     0x87ec
                0x0000000010000100                __logical_binary_start = .
 *(.vectors)
 .vectors       0x0000000010000100       0xd4 CMakeFiles/main.dir/home/bira/pico/pico-sdk/src/rp2_common/pico_crt0/crt0.S.o
                0x0000000010000100                __vectors
                0x0000000010000100                __VECTOR_TABLE
                0x00000000100001c0                isr_invalid
                0x00000000100001c0                __default_isrs_start
                0x00000000100001c2                isr_nmi
                0x00000000100001c4                isr_hardfault
                0x00000000100001c6                isr_svcall
                0x00000000100001c8                isr_pendsv
                0x00000000100001ca                isr_systick
                0x00000000100001cc                isr_irq30
                0x00000000100001cc                __unhandled_user_irq
                0x00000000100001cc                isr_irq13
                0x00000000100001cc                isr_irq27
                0x00000000100001cc                isr_irq31
                0x00000000100001cc                isr_irq5
                0x00000000100001cc                isr_irq11
                0x00000000100001cc                isr_irq23
                0x00000000100001cc                isr_irq18
                0x00000000100001cc                isr_irq28
                0x00000000100001cc                isr_irq19
                0x00000000100001cc                isr_irq0
                0x00000000100001cc                isr_irq6
                0x00000000100001cc                isr_irq22
                0x00000000100001cc                isr_irq17
                0x00000000100001cc                isr_irq14
                0x00000000100001cc                isr_irq2
                0x00000000100001cc                isr_irq10
                0x00000000100001cc                isr_irq8
                0x00000000100001cc                isr_irq24
                0x00000000100001cc                isr_irq1
                0x00000000100001cc                isr_irq7
                0x00000000100001cc                isr_irq21
                0x00000000100001cc                isr_irq20
                0x00000000100001cc                isr_irq15
                0x00000000100001cc                isr_irq25
                0x00000000100001cc                isr_irq4
                0x00000000100001cc                isr_irq16
                0x00000000100001cc                isr_irq29
                0x00000000100001cc                isr_irq26
                0x00000000100001cc                __default_isrs_end
                0x00000000100001cc                isr_irq3
                0x00000000100001cc                isr_irq12
                0x00000000100001cc                isr_irq9
                0x00000000100001d2                unhandled_user_irq_num_in_r0
 *(.binary_info_header)
 .binary_info_header
                0x00000000100001d4       0x14 CMakeFiles/main.dir/home/bira/pico/pico-sdk/src/rp2_common/pico_crt0/crt0.S.o
                0x00000000100001e8                __binary_info_header_end = .
 *(.embedded_block)
                0x00000000100001e8                __embedded_block_end = .
 *(.reset)
 .reset         0x00000000100001e8       0x9c CMakeFiles/main.dir/home/bira/pico/pico-sdk/src/rp2_common/pico_crt0/crt0.S.o
                0x00000000100001e8                _entry_point
 *(.init)
 .init          0x0000000010000284        0x4 /usr/lib/gcc/arm-none-eabi/10.3.1/thumb/v6-m/nofp/crti.o
                0x0000000010000284                _init
 *(EXCLUDE_FILE(*libm.a: *libc.a:*lib_a-mem*.o *libgcc.a:) .text*)
 .text          0x0000000010000288       0x98 /usr/lib/gcc/arm-none-eabi/10.3.1/thumb/v6-m/nofp/crtbegin.o
 .text.startup.main
                0x0000000010000320       0x94 CMakeFiles/main.dir/main.c.o
                0x0000000010000320                main
 .text.inicializar_BUTTON
                0x00000000100003b4       0x1c CMakeFiles/main.dir/buttom.c.o
                0x00000000100003b4                inicializar_BUTTON
 .text.executar_padrao
                0x00000000100003d0      0x268 CMakeFiles/main.dir/buttom.c.o
                0x00000000100003d0                executar_padrao
 .text.button_callback
                0x0000000010000638       0x8c CMakeFiles/main.dir/buttom.c.o
                0x0000000010000638                button_callback
 .text.inicializar_LED_RGB
                0x00000000100006c4       0x2c CMakeFiles/main.dir/rgb.c.o
                0x00000000100006c4                inicializar_LED_RGB
 .text.emitir_cor
                0x00000000100006f0       0x80 CMakeFiles/main.dir/rgb.c.o
                0x00000000100006f0                emitir_cor
 .text.inicializar_potenciometro
                0x0000000010000770       0x40 CMakeFiles/main.dir/potentiometer.c.o
                0x0000000010000770                inicializar_potenciometro
 .text.atualizar_bpm
                0x00000000100007b0       0x3c CMakeFiles/main.dir/potentiometer.c.o
                0x00000000100007b0                atualizar_bpm
 .text.adc_callback
                0x00000000100007ec       0x58 CMakeFiles/main.dir/potentiometer.c.o
                0x00000000100007ec                adc_callback
 .text.inicializar_i2c
                0x0000000010000844       0x48 CMakeFiles/main.dir/oled.c.o
                0x0000000010000844                inicializar_i2c
 .text.inicializar_display_oled
                0x000000001000088c       0x20 CMakeFiles/main.dir/oled.c.o
                0x000000001000088c                inicializar_display_oled
 .text.atualizar_display
                0x00000000100008ac       0x74 CMakeFiles/main.dir/oled.c.o
                0x00000000100008ac                atualizar_display
 .text.inicializar_BUZZER_A_PWM
                0x0000000010000920       0x2c CMakeFiles/main.dir/buzzer.c.o
                0x0000000010000920                inicializar_BUZZER_A_PWM
 .text.inicializar_BUZZER_B_PWM
                0x000000001000094c       0x2c CMakeFiles/main.dir/buzzer.c.o
                0x000000001000094c                inicializar_BUZZER_B_PWM
 .text.play_BUZZER_A
                0x0000000010000978       0x80 CMakeFiles/main.dir/buzzer.c.o
                0x0000000010000978                play_BUZZER_A
 .text.play_BUZZER_B
                0x00000000100009f8       0x80 CMakeFiles/main.dir/buzzer.c.o
                0x00000000100009f8                play_BUZZER_B
 .text.ssd1306_draw_char_with_font.part.0
                0x0000000010000a78      0x148 CMakeFiles/main.dir/ssd1306.c.o
 .text.ssd1306_init
                0x0000000010000bc0      0x14c CMakeFiles/main.dir/ssd1306.c.o
                0x0000000010000bc0                ssd1306_init
 .text.ssd1306_clear
                0x0000000010000d0c       0x10 CMakeFiles/main.dir/ssd1306.c.o
                0x0000000010000d0c                ssd1306_clear
 .text.ssd1306_draw_string
                0x0000000010000d1c       0x68 CMakeFiles/main.dir/ssd1306.c.o
                0x0000000010000d1c                ssd1306_draw_string
 .text.ssd1306_show
                0x0000000010000d84       0xd0 CMakeFiles/main.dir/ssd1306.c.o
                0x0000000010000d84                ssd1306_show
 .text.gpio_default_irq_handler
                0x0000000010000e54      0x270 CMakeFiles/main.dir/home/bira/pico/pico-sdk/src/rp2_common/hardware_gpio/gpio.c.o
 .text.gpio_set_function
                0x00000000100010c4       0x34 CMakeFiles/main.dir/home/bira/pico/pico-sdk/src/rp2_common/hardware_gpio/gpio.c.o
                0x00000000100010c4                gpio_set_function
 .text.gpio_set_pulls
                0x00000000100010f8       0x34 CMakeFiles/main.dir/home/bira/pico/pico-sdk/src/rp2_common/hardware_gpio/gpio.c.o
                0x00000000100010f8                gpio_set_pulls
 .text.gpio_set_irq_enabled_with_callback
                0x000000001000112c       0xd0 CMakeFiles/main.dir/home/bira/pico/pico-sdk/src/rp2_common/hardware_gpio/gpio.c.o
                0x000000001000112c                gpio_set_irq_enabled_with_callback
 .text.gpio_set_input_enabled
                0x00000000100011fc       0x28 CMakeFiles/main.dir/home/bira/pico/pico-sdk/src/rp2_common/hardware_gpio/gpio.c.o
                0x00000000100011fc                gpio_set_input_enabled
 .text.gpio_init
                0x0000000010001224       0x40 CMakeFiles/main.dir/home/bira/pico/pico-sdk/src/rp2_common/hardware_gpio/gpio.c.o
                0x0000000010001224                gpio_init
 .text.rp2040_chip_version
                0x0000000010001264        0xc CMakeFiles/main.dir/home/bira/pico/pico-sdk/src/rp2040/pico_platform/platform.c.o
                0x0000000010001264                rp2040_chip_version
 .text.panic    0x0000000010001270       0x30 CMakeFiles/main.dir/home/bira/pico/pico-sdk/src/rp2_common/pico_platform_panic/panic.c.o
                0x0000000010001270                panic
 .text.hw_claim_or_assert
                0x00000000100012a0       0x44 CMakeFiles/main.dir/home/bira/pico/pico-sdk/src/common/hardware_claim/claim.c.o
                0x00000000100012a0                hw_claim_or_assert
 .text.hw_claim_unused_from_range
                0x00000000100012e4       0x9c CMakeFiles/main.dir/home/bira/pico/pico-sdk/src/common/hardware_claim/claim.c.o
                0x00000000100012e4                hw_claim_unused_from_range
 .text.next_striped_spin_lock_num
                0x0000000010001380       0x18 CMakeFiles/main.dir/home/bira/pico/pico-sdk/src/rp2_common/hardware_sync/sync.c.o
                0x0000000010001380                next_striped_spin_lock_num
 .text.spin_lock_claim_unused
                0x0000000010001398       0x20 CMakeFiles/main.dir/home/bira/pico/pico-sdk/src/rp2_common/hardware_sync/sync.c.o
                0x0000000010001398                spin_lock_claim_unused
 .text.spin_locks_reset
                0x00000000100013b8       0x1c CMakeFiles/main.dir/home/bira/pico/pico-sdk/src/rp2_common/hardware_sync_spin_lock/sync_spin_lock.c.o
                0x00000000100013b8                spin_locks_reset
 .text.runtime_init_per_core_irq_priorities
                0x00000000100013d4       0x24 CMakeFiles/main.dir/home/bira/pico/pico-sdk/src/rp2_common/hardware_irq/irq.c.o
                0x00000000100013d4                runtime_init_per_core_irq_priorities
 .text.irq_set_enabled
                0x00000000100013f8       0x24 CMakeFiles/main.dir/home/bira/pico/pico-sdk/src/rp2_common/hardware_irq/irq.c.o
                0x00000000100013f8                irq_set_enabled
 .text.irq_is_enabled
                0x000000001000141c       0x18 CMakeFiles/main.dir/home/bira/pico/pico-sdk/src/rp2_common/hardware_irq/irq.c.o
                0x000000001000141c                irq_is_enabled
 .text.irq_set_pending
                0x0000000010001434       0x10 CMakeFiles/main.dir/home/bira/pico/pico-sdk/src/rp2_common/hardware_irq/irq.c.o
                0x0000000010001434                irq_set_pending
 .text.irq_has_shared_handler
                0x0000000010001444       0x2c CMakeFiles/main.dir/home/bira/pico/pico-sdk/src/rp2_common/hardware_irq/irq.c.o
                0x0000000010001444                irq_has_shared_handler
 .text.irq_set_exclusive_handler
                0x0000000010001470       0x54 CMakeFiles/main.dir/home/bira/pico/pico-sdk/src/rp2_common/hardware_irq/irq.c.o
                0x0000000010001470                irq_set_exclusive_handler
 .text.irq_add_shared_handler
                0x00000000100014c4      0x1e8 CMakeFiles/main.dir/home/bira/pico/pico-sdk/src/rp2_common/hardware_irq/irq.c.o
                0x00000000100014c4                irq_add_shared_handler
 .text.irq_remove_handler
                0x00000000100016ac      0x1c4 CMakeFiles/main.dir/home/bira/pico/pico-sdk/src/rp2_common/hardware_irq/irq.c.o
                0x00000000100016ac                irq_remove_handler
 .text.irq_add_tail_to_free_list
                0x0000000010001870       0xb4 CMakeFiles/main.dir/home/bira/pico/pico-sdk/src/rp2_common/hardware_irq/irq.c.o
                0x0000000010001870                irq_add_tail_to_free_list
 .text.user_irq_claim_unused
                0x0000000010001924       0x28 CMakeFiles/main.dir/home/bira/pico/pico-sdk/src/rp2_common/hardware_irq/irq.c.o
                0x0000000010001924                user_irq_claim_unused
 .text.lock_init
                0x000000001000194c       0x10 CMakeFiles/main.dir/home/bira/pico/pico-sdk/src/common/pico_sync/lock_core.c.o
                0x000000001000194c                lock_init
 .text.runtime_init_mutex
                0x000000001000195c       0x58 CMakeFiles/main.dir/home/bira/pico/pico-sdk/src/common/pico_sync/mutex.c.o
                0x000000001000195c                runtime_init_mutex
 .text.mutex_init
                0x00000000100019b4       0x1c CMakeFiles/main.dir/home/bira/pico/pico-sdk/src/common/pico_sync/mutex.c.o
                0x00000000100019b4                mutex_init
 .text.critical_section_init
                0x00000000100019d0       0x20 CMakeFiles/main.dir/home/bira/pico/pico-sdk/src/common/pico_sync/critical_section.c.o
                0x00000000100019d0                critical_section_init
 .text.critical_section_init_with_lock_num
                0x00000000100019f0       0x14 CMakeFiles/main.dir/home/bira/pico/pico-sdk/src/common/pico_sync/critical_section.c.o
                0x00000000100019f0                critical_section_init_with_lock_num
 .text.sleep_until_callback
                0x0000000010001a04       0x30 CMakeFiles/main.dir/home/bira/pico/pico-sdk/src/common/pico_time/time.c.o
 .text.alarm_pool_irq_handler
                0x0000000010001a34      0x308 CMakeFiles/main.dir/home/bira/pico/pico-sdk/src/common/pico_time/time.c.o
 .text.runtime_init_default_alarm_pool
                0x0000000010001d3c       0xdc CMakeFiles/main.dir/home/bira/pico/pico-sdk/src/common/pico_time/time.c.o
                0x0000000010001d3c                runtime_init_default_alarm_pool
 .text.alarm_pool_get_default
                0x0000000010001e18        0x8 CMakeFiles/main.dir/home/bira/pico/pico-sdk/src/common/pico_time/time.c.o
                0x0000000010001e18                alarm_pool_get_default
 .text.alarm_pool_add_alarm_at
                0x0000000010001e20       0xc8 CMakeFiles/main.dir/home/bira/pico/pico-sdk/src/common/pico_time/time.c.o
                0x0000000010001e20                alarm_pool_add_alarm_at
 .text.alarm_pool_add_alarm_at_force_in_context
                0x0000000010001ee8       0xb0 CMakeFiles/main.dir/home/bira/pico/pico-sdk/src/common/pico_time/time.c.o
                0x0000000010001ee8                alarm_pool_add_alarm_at_force_in_context
 .text.alarm_pool_cancel_alarm
                0x0000000010001f98       0x7c CMakeFiles/main.dir/home/bira/pico/pico-sdk/src/common/pico_time/time.c.o
                0x0000000010001f98                alarm_pool_cancel_alarm
 .text.alarm_pool_core_num
                0x0000000010002014        0x4 CMakeFiles/main.dir/home/bira/pico/pico-sdk/src/common/pico_time/time.c.o
                0x0000000010002014                alarm_pool_core_num
 .text.sleep_until
                0x0000000010002018       0xd0 CMakeFiles/main.dir/home/bira/pico/pico-sdk/src/common/pico_time/time.c.o
                0x0000000010002018                sleep_until
 .text.sleep_ms
                0x00000000100020e8       0x34 CMakeFiles/main.dir/home/bira/pico/pico-sdk/src/common/pico_time/time.c.o
                0x00000000100020e8                sleep_ms
 .text.best_effort_wfe_or_timeout
                0x000000001000211c       0xe0 CMakeFiles/main.dir/home/bira/pico/pico-sdk/src/common/pico_time/time.c.o
                0x000000001000211c                best_effort_wfe_or_timeout
 .text.alarm_pool_add_repeating_timer_us
                0x00000000100021fc      0x120 CMakeFiles/main.dir/home/bira/pico/pico-sdk/src/common/pico_time/time.c.o
                0x00000000100021fc                alarm_pool_add_repeating_timer_us
 .text.timer_hardware_alarm_claim
                0x000000001000231c       0x14 CMakeFiles/main.dir/home/bira/pico/pico-sdk/src/rp2_common/hardware_timer/timer.c.o
                0x000000001000231c                timer_hardware_alarm_claim
 .text.timer_time_us_64
                0x0000000010002330       0x10 CMakeFiles/main.dir/home/bira/pico/pico-sdk/src/rp2_common/hardware_timer/timer.c.o
                0x0000000010002330                timer_time_us_64
 .text.time_us_64
                0x0000000010002340       0x14 CMakeFiles/main.dir/home/bira/pico/pico-sdk/src/rp2_common/hardware_timer/timer.c.o
                0x0000000010002340                time_us_64
 .text.busy_wait_us
                0x0000000010002354       0x54 CMakeFiles/main.dir/home/bira/pico/pico-sdk/src/rp2_common/hardware_timer/timer.c.o
                0x0000000010002354                busy_wait_us
 .text.busy_wait_until
                0x00000000100023a8       0x20 CMakeFiles/main.dir/home/bira/pico/pico-sdk/src/rp2_common/hardware_timer/timer.c.o
                0x00000000100023a8                busy_wait_until
 .text.uart_init
                0x00000000100023c8      0x11c CMakeFiles/main.dir/home/bira/pico/pico-sdk/src/rp2_common/hardware_uart/uart.c.o
                0x00000000100023c8                uart_init
 .text.clock_configure_int_divider
                0x00000000100024e4       0xf4 CMakeFiles/main.dir/home/bira/pico/pico-sdk/src/rp2_common/hardware_clocks/clocks.c.o
                0x00000000100024e4                clock_configure_int_divider
 .text.clock_configure_undivided
                0x00000000100025d8       0xe8 CMakeFiles/main.dir/home/bira/pico/pico-sdk/src/rp2_common/hardware_clocks/clocks.c.o
                0x00000000100025d8                clock_configure_undivided
 .text.clock_get_hz
                0x00000000100026c0        0xc CMakeFiles/main.dir/home/bira/pico/pico-sdk/src/rp2_common/hardware_clocks/clocks.c.o
                0x00000000100026c0                clock_get_hz
 .text.pll_init
                0x00000000100026cc       0xa0 CMakeFiles/main.dir/home/bira/pico/pico-sdk/src/rp2_common/hardware_pll/pll.c.o
                0x00000000100026cc                pll_init
 .text.watchdog_reboot
                0x000000001000276c       0x98 CMakeFiles/main.dir/home/bira/pico/pico-sdk/src/rp2_common/hardware_watchdog/watchdog.c.o
                0x000000001000276c                watchdog_reboot
 .text.tick_start
                0x0000000010002804       0x10 CMakeFiles/main.dir/home/bira/pico/pico-sdk/src/rp2_common/hardware_ticks/ticks.c.o
                0x0000000010002804                tick_start
 .text.rom_func_lookup
                0x0000000010002814       0x10 CMakeFiles/main.dir/home/bira/pico/pico-sdk/src/rp2_common/pico_bootrom/bootrom.c.o
                0x0000000010002814                rom_func_lookup
 .text.rom_data_lookup
                0x0000000010002824       0x10 CMakeFiles/main.dir/home/bira/pico/pico-sdk/src/rp2_common/pico_bootrom/bootrom.c.o
                0x0000000010002824                rom_data_lookup
 .text.rom_funcs_lookup
                0x0000000010002834       0x44 CMakeFiles/main.dir/home/bira/pico/pico-sdk/src/rp2_common/pico_bootrom/bootrom.c.o
                0x0000000010002834                rom_funcs_lookup
 .text.rom_reset_usb_boot_extra
                0x0000000010002878       0x28 CMakeFiles/main.dir/home/bira/pico/pico-sdk/src/rp2_common/pico_bootrom/bootrom.c.o
                0x0000000010002878                rom_reset_usb_boot_extra
 .text.xosc_init
                0x00000000100028a0       0x28 CMakeFiles/main.dir/home/bira/pico/pico-sdk/src/rp2_common/hardware_xosc/xosc.c.o
                0x00000000100028a0                xosc_init
 .text.first_per_core_initializer
                0x00000000100028c8        0x4 CMakeFiles/main.dir/home/bira/pico/pico-sdk/src/rp2_common/pico_runtime/runtime.c.o
 .text.hard_assertion_failure
                0x00000000100028cc        0xc CMakeFiles/main.dir/home/bira/pico/pico-sdk/src/rp2_common/pico_runtime/runtime.c.o
                0x00000000100028cc                hard_assertion_failure
 .text.runtime_run_initializers
                0x00000000100028d8       0x28 CMakeFiles/main.dir/home/bira/pico/pico-sdk/src/rp2_common/pico_runtime/runtime.c.o
                0x00000000100028d8                runtime_run_initializers
 .text.runtime_init_early_resets
                0x0000000010002900       0x2c CMakeFiles/main.dir/home/bira/pico/pico-sdk/src/rp2_common/pico_runtime_init/runtime_init.c.o
                0x0000000010002900                runtime_init_early_resets
 .text.runtime_init_usb_power_down
                0x000000001000292c       0x1c CMakeFiles/main.dir/home/bira/pico/pico-sdk/src/rp2_common/pico_runtime_init/runtime_init.c.o
                0x000000001000292c                runtime_init_usb_power_down
 .text.runtime_init_post_clock_resets
                0x0000000010002948       0x20 CMakeFiles/main.dir/home/bira/pico/pico-sdk/src/rp2_common/pico_runtime_init/runtime_init.c.o
                0x0000000010002948                runtime_init_post_clock_resets
 .text.runtime_init_rp2040_gpio_ie_disable
                0x0000000010002968       0x14 CMakeFiles/main.dir/home/bira/pico/pico-sdk/src/rp2_common/pico_runtime_init/runtime_init.c.o
                0x0000000010002968                runtime_init_rp2040_gpio_ie_disable
 .text.runtime_init_spin_locks_reset
                0x000000001000297c        0x8 CMakeFiles/main.dir/home/bira/pico/pico-sdk/src/rp2_common/pico_runtime_init/runtime_init.c.o
                0x000000001000297c                runtime_init_spin_locks_reset
 .text.runtime_init_install_ram_vector_table
                0x0000000010002984       0x1c CMakeFiles/main.dir/home/bira/pico/pico-sdk/src/rp2_common/pico_runtime_init/runtime_init.c.o
                0x0000000010002984                runtime_init_install_ram_vector_table
 .text.runtime_init_clocks
                0x00000000100029a0       0xd8 CMakeFiles/main.dir/home/bira/pico/pico-sdk/src/rp2_common/pico_runtime_init/runtime_init_clocks.c.o
                0x00000000100029a0                runtime_init_clocks
 .text          0x0000000010002a78       0x10 CMakeFiles/main.dir/home/bira/pico/pico-sdk/src/rp2_common/pico_bit_ops/bit_ops_aeabi.S.o
 .text.__wrap___aeabi_idiv
                0x0000000010002a88       0x50 CMakeFiles/main.dir/home/bira/pico/pico-sdk/src/rp2_common/pico_divider/divider_hardware.S.o
                0x0000000010002a88                __wrap___aeabi_idivmod
                0x0000000010002a88                divmod_s32s32
                0x0000000010002a88                div_s32s32
                0x0000000010002a88                __wrap___aeabi_idiv
                0x0000000010002a90                divmod_s32s32_unsafe
                0x0000000010002abc                divmod_s32s32_savestate
 .text.__wrap___aeabi_uidiv
                0x0000000010002ad8       0x4c CMakeFiles/main.dir/home/bira/pico/pico-sdk/src/rp2_common/pico_divider/divider_hardware.S.o
                0x0000000010002ad8                __wrap___aeabi_uidiv
                0x0000000010002ad8                __wrap___aeabi_uidivmod
                0x0000000010002ad8                div_u32u32
                0x0000000010002ad8                divmod_u32u32
                0x0000000010002ae0                divmod_u32u32_unsafe
                0x0000000010002b08                divmod_u32u32_savestate
 .text.__wrap___aeabi_ldiv
                0x0000000010002b24      0x424 CMakeFiles/main.dir/home/bira/pico/pico-sdk/src/rp2_common/pico_divider/divider_hardware.S.o
                0x0000000010002b24                div_s64s64
                0x0000000010002b24                divmod_s64s64
                0x0000000010002b24                __wrap___aeabi_ldivmod
                0x0000000010002b54                div_u64u64
                0x0000000010002b54                divmod_u64u64
                0x0000000010002b54                __wrap___aeabi_uldivmod
                0x0000000010002b64                divmod_u64u64_savestate
                0x0000000010002b84                divmod_s64s64_unsafe
                0x0000000010002c0c                divmod_u64u64_unsafe
 .text.__wrap___aeabi_darithmetic
                0x0000000010002f48       0x80 CMakeFiles/main.dir/home/bira/pico/pico-sdk/src/rp2_common/pico_double/double_aeabi_rp2040.S.o
                0x0000000010002f48                __wrap___aeabi_drsub
                0x0000000010002f4e                __wrap___aeabi_dsub
                0x0000000010002f60                __wrap___aeabi_dadd
                0x0000000010002f72                __wrap___aeabi_ddiv
                0x0000000010002fae                __wrap___aeabi_dmul
 .text.__wrap___aeabi_cdcmple
                0x0000000010002fc8       0x6c CMakeFiles/main.dir/home/bira/pico/pico-sdk/src/rp2_common/pico_double/double_aeabi_rp2040.S.o
                0x0000000010002fc8                __wrap___aeabi_cdrcmple
                0x0000000010002fd8                __wrap___aeabi_cdcmple
                0x0000000010002fd8                __wrap___aeabi_cdcmpeq
 .text.__wrap___aeabi_dcmplt
                0x0000000010003034        0xc CMakeFiles/main.dir/home/bira/pico/pico-sdk/src/rp2_common/pico_double/double_aeabi_rp2040.S.o
                0x0000000010003034                __wrap___aeabi_dcmplt
 .text.__wrap___aeabi_dcmple
                0x0000000010003040       0x10 CMakeFiles/main.dir/home/bira/pico/pico-sdk/src/rp2_common/pico_double/double_aeabi_rp2040.S.o
                0x0000000010003040                __wrap___aeabi_dcmple
 .text.__wrap___aeabi_dcmpge
                0x0000000010003050       0x10 CMakeFiles/main.dir/home/bira/pico/pico-sdk/src/rp2_common/pico_double/double_aeabi_rp2040.S.o
                0x0000000010003050                __wrap___aeabi_dcmpge
 .text.__wrap___aeabi_dcmpgt
                0x0000000010003060        0xa CMakeFiles/main.dir/home/bira/pico/pico-sdk/src/rp2_common/pico_double/double_aeabi_rp2040.S.o
                0x0000000010003060                __wrap___aeabi_dcmpgt
 .text.__wrap___aeabi_dcmpun
                0x000000001000306a       0x18 CMakeFiles/main.dir/home/bira/pico/pico-sdk/src/rp2_common/pico_double/double_aeabi_rp2040.S.o
                0x000000001000306a                __wrap___aeabi_dcmpun
 *fill*         0x0000000010003082        0x2 
 .text.__wrap___aeabi_i2d
                0x0000000010003084       0x38 CMakeFiles/main.dir/home/bira/pico/pico-sdk/src/rp2_common/pico_double/double_aeabi_rp2040.S.o
                0x0000000010003084                __wrap___aeabi_ui2d
                0x000000001000308c                __wrap___aeabi_i2d
 .text.__wrap___aeabi_d2iz
                0x00000000100030bc       0x48 CMakeFiles/main.dir/home/bira/pico/pico-sdk/src/rp2_common/pico_double/double_aeabi_rp2040.S.o
                0x00000000100030bc                __wrap___aeabi_d2iz
                0x00000000100030bc                double2int_z
 .text.__wrap___aeabi_d2uiz
                0x0000000010003104       0x18 CMakeFiles/main.dir/home/bira/pico/pico-sdk/src/rp2_common/pico_double/double_aeabi_rp2040.S.o
                0x0000000010003104                double2uint
                0x0000000010003104                __wrap___aeabi_d2uiz
 .text.__wrap___aeabi_d2f
                0x000000001000311c       0x18 CMakeFiles/main.dir/home/bira/pico/pico-sdk/src/rp2_common/pico_double/double_aeabi_rp2040.S.o
                0x000000001000311c                __wrap___aeabi_d2f
 .text.__aeabi_double_init
                0x0000000010003134       0xa0 CMakeFiles/main.dir/home/bira/pico/pico-sdk/src/rp2_common/pico_double/double_init_rom_rp2040.c.o
                0x0000000010003134                __aeabi_double_init
 .text.double_table_shim_on_use_helper
                0x00000000100031d4       0x2c CMakeFiles/main.dir/home/bira/pico/pico-sdk/src/rp2_common/pico_double/double_v1_rom_shim_rp2040.S.o
                0x00000000100031d4                double_table_shim_on_use_helper
 .text.__wrap___aeabi_dsub
                0x0000000010003200       0x10 CMakeFiles/main.dir/home/bira/pico/pico-sdk/src/rp2_common/pico_double/double_v1_rom_shim_rp2040.S.o
                0x0000000010003200                drsub_shim
                0x0000000010003206                dsub_shim
 .text.dadd_shim
                0x0000000010003210      0x15c CMakeFiles/main.dir/home/bira/pico/pico-sdk/src/rp2_common/pico_double/double_v1_rom_shim_rp2040.S.o
                0x0000000010003210                dadd_shim
 .text.dmul_shim
                0x000000001000336c      0x15c CMakeFiles/main.dir/home/bira/pico/pico-sdk/src/rp2_common/pico_double/double_v1_rom_shim_rp2040.S.o
                0x000000001000336c                dmul_shim
 .text.ddiv_shim
                0x00000000100034c8      0x1b0 CMakeFiles/main.dir/home/bira/pico/pico-sdk/src/rp2_common/pico_double/double_v1_rom_shim_rp2040.S.o
                0x00000000100034c8                ddiv_shim
 .text.double2uint_shim
                0x0000000010003678        0xe CMakeFiles/main.dir/home/bira/pico/pico-sdk/src/rp2_common/pico_double/double_v1_rom_shim_rp2040.S.o
                0x0000000010003678                double2uint_shim
                0x000000001000367a                double2ufix_shim
 *fill*         0x0000000010003686        0x2 
 .text.double2uint64_shim
                0x0000000010003688       0x70 CMakeFiles/main.dir/home/bira/pico/pico-sdk/src/rp2_common/pico_double/double_v1_rom_shim_rp2040.S.o
                0x0000000010003688                double2uint64_shim
                0x000000001000368a                double2ufix64_shim
                0x00000000100036aa                d2fix_a
 .text.double2float_shim
                0x00000000100036f8       0x5c CMakeFiles/main.dir/home/bira/pico/pico-sdk/src/rp2_common/pico_double/double_v1_rom_shim_rp2040.S.o
                0x00000000100036f8                double2float_shim
 .text.dunpacks
                0x0000000010003754       0x3c CMakeFiles/main.dir/home/bira/pico/pico-sdk/src/rp2_common/pico_double/double_v1_rom_shim_rp2040.S.o
                0x0000000010003754                dunpacks
 .text.__aeabi_lmul
                0x0000000010003790       0x32 CMakeFiles/main.dir/home/bira/pico/pico-sdk/src/rp2_common/pico_int64_ops/pico_int64_ops_aeabi.S.o
                0x0000000010003790                __wrap___aeabi_lmul
 *fill*         0x00000000100037c2        0x2 
 .text.__wrap___aeabi_farithmetic
                0x00000000100037c4       0x48 CMakeFiles/main.dir/home/bira/pico/pico-sdk/src/rp2_common/pico_float/float_aeabi_rp2040.S.o
                0x00000000100037c4                __wrap___aeabi_frsub
                0x00000000100037ca                __wrap___aeabi_fsub
                0x00000000100037d0                __wrap___aeabi_fadd
                0x00000000100037d6                __wrap___aeabi_fdiv
                0x00000000100037fe                __wrap___aeabi_fmul
 .text.__wrap___aeabi_i2f
                0x000000001000380c       0x44 CMakeFiles/main.dir/home/bira/pico/pico-sdk/src/rp2_common/pico_float/float_aeabi_rp2040.S.o
                0x000000001000380c                int2float
                0x000000001000380c                __wrap___aeabi_i2f
 .text.__wrap___aeabi_f2uiz
                0x0000000010003850        0xc CMakeFiles/main.dir/home/bira/pico/pico-sdk/src/rp2_common/pico_float/float_aeabi_rp2040.S.o
                0x0000000010003850                float2uint_z
                0x0000000010003850                __wrap___aeabi_f2uiz
 .text.__aeabi_float_init
                0x000000001000385c       0x64 CMakeFiles/main.dir/home/bira/pico/pico-sdk/src/rp2_common/pico_float/float_init_rom_rp2040.c.o
                0x000000001000385c                __aeabi_float_init
 .text.float_table_shim_on_use_helper
                0x00000000100038c0       0x2c CMakeFiles/main.dir/home/bira/pico/pico-sdk/src/rp2_common/pico_float/float_v1_rom_shim_rp2040.S.o
                0x00000000100038c0                float_table_shim_on_use_helper
 .text.__wrap_malloc
                0x00000000100038ec       0x24 CMakeFiles/main.dir/home/bira/pico/pico-sdk/src/rp2_common/pico_malloc/malloc.c.o
                0x00000000100038ec                __wrap_malloc
 .text          0x0000000010003910       0x10 CMakeFiles/main.dir/home/bira/pico/pico-sdk/src/rp2_common/pico_mem_ops/mem_ops_aeabi.S.o
                0x0000000010003910                __aeabi_mem_init
 .text.memset   0x0000000010003920        0xc CMakeFiles/main.dir/home/bira/pico/pico-sdk/src/rp2_common/pico_mem_ops/mem_ops_aeabi.S.o
                0x0000000010003920                __wrap_memset
 .text.memcpy   0x000000001000392c        0xc CMakeFiles/main.dir/home/bira/pico/pico-sdk/src/rp2_common/pico_mem_ops/mem_ops_aeabi.S.o
                0x000000001000392c                __wrap___aeabi_memcpy
                0x000000001000392c                __wrap_memcpy
 .text._out_buffer
                0x0000000010003938        0x8 CMakeFiles/main.dir/home/bira/pico/pico-sdk/src/rp2_common/pico_printf/printf.c.o
 .text._out_null
                0x0000000010003940        0x4 CMakeFiles/main.dir/home/bira/pico/pico-sdk/src/rp2_common/pico_printf/printf.c.o
 .text._out_rev
                0x0000000010003944       0x9c CMakeFiles/main.dir/home/bira/pico/pico-sdk/src/rp2_common/pico_printf/printf.c.o
 .text._ntoa_format
                0x00000000100039e0      0x1cc CMakeFiles/main.dir/home/bira/pico/pico-sdk/src/rp2_common/pico_printf/printf.c.o
 .text._out_char
                0x0000000010003bac       0x10 CMakeFiles/main.dir/home/bira/pico/pico-sdk/src/rp2_common/pico_printf/printf.c.o
 .text._out_fct
                0x0000000010003bbc       0x10 CMakeFiles/main.dir/home/bira/pico/pico-sdk/src/rp2_common/pico_printf/printf.c.o
 .text._etoa    0x0000000010003bcc      0x44c CMakeFiles/main.dir/home/bira/pico/pico-sdk/src/rp2_common/pico_printf/printf.c.o
 .text._ftoa    0x0000000010004018      0x398 CMakeFiles/main.dir/home/bira/pico/pico-sdk/src/rp2_common/pico_printf/printf.c.o
 .text._vsnprintf
                0x00000000100043b0      0xb04 CMakeFiles/main.dir/home/bira/pico/pico-sdk/src/rp2_common/pico_printf/printf.c.o
 .text.__wrap_snprintf
                0x0000000010004eb4       0x28 CMakeFiles/main.dir/home/bira/pico/pico-sdk/src/rp2_common/pico_printf/printf.c.o
                0x0000000010004eb4                __wrap_snprintf
 .text.vfctprintf
                0x0000000010004edc       0x20 CMakeFiles/main.dir/home/bira/pico/pico-sdk/src/rp2_common/pico_printf/printf.c.o
                0x0000000010004edc                vfctprintf
 .text.weak_raw_vprintf
                0x0000000010004efc       0x30 CMakeFiles/main.dir/home/bira/pico/pico-sdk/src/rp2_common/pico_printf/printf.c.o
                0x0000000010004efc                weak_raw_vprintf
 .text._exit    0x0000000010004f2c        0x4 CMakeFiles/main.dir/home/bira/pico/pico-sdk/src/rp2_common/pico_clib_interface/newlib_interface.c.o
                0x0000000010004f2c                _exit
 .text._sbrk    0x0000000010004f30       0x34 CMakeFiles/main.dir/home/bira/pico/pico-sdk/src/rp2_common/pico_clib_interface/newlib_interface.c.o
                0x0000000010004f30                _sbrk
 .text.exit     0x0000000010004f64        0x8 CMakeFiles/main.dir/home/bira/pico/pico-sdk/src/rp2_common/pico_clib_interface/newlib_interface.c.o
                0x0000000010004f64                exit
 .text.runtime_init
                0x0000000010004f6c       0x2c CMakeFiles/main.dir/home/bira/pico/pico-sdk/src/rp2_common/pico_clib_interface/newlib_interface.c.o
                0x0000000010004f6c                runtime_init
 .text.stdio_out_chars_no_crlf
                0x0000000010004f98       0x10 CMakeFiles/main.dir/home/bira/pico/pico-sdk/src/rp2_common/pico_stdio/stdio.c.o
 .text.stdio_out_chars_crlf
                0x0000000010004fa8       0xb4 CMakeFiles/main.dir/home/bira/pico/pico-sdk/src/rp2_common/pico_stdio/stdio.c.o
 .text.stdio_buffered_printer
                0x000000001000505c       0x64 CMakeFiles/main.dir/home/bira/pico/pico-sdk/src/rp2_common/pico_stdio/stdio.c.o
 .text.stdio_put_string
                0x00000000100050c0      0x100 CMakeFiles/main.dir/home/bira/pico/pico-sdk/src/rp2_common/pico_stdio/stdio.c.o
                0x00000000100050c0                stdio_put_string
 .text.stdio_set_driver_enabled
                0x00000000100051c0       0x30 CMakeFiles/main.dir/home/bira/pico/pico-sdk/src/rp2_common/pico_stdio/stdio.c.o
                0x00000000100051c0                stdio_set_driver_enabled
 .text.stdio_init_all
                0x00000000100051f0       0x10 CMakeFiles/main.dir/home/bira/pico/pico-sdk/src/rp2_common/pico_stdio/stdio.c.o
                0x00000000100051f0                stdio_init_all
 .text.__wrap_putchar
                0x0000000010005200       0x98 CMakeFiles/main.dir/home/bira/pico/pico-sdk/src/rp2_common/pico_stdio/stdio.c.o
                0x0000000010005200                stdio_putchar
                0x0000000010005200                __wrap_putchar
 .text.__wrap_puts
                0x0000000010005298       0x3c CMakeFiles/main.dir/home/bira/pico/pico-sdk/src/rp2_common/pico_stdio/stdio.c.o
                0x0000000010005298                __wrap_puts
                0x0000000010005298                stdio_puts
 .text.__wrap_vprintf
                0x00000000100052d4       0xd8 CMakeFiles/main.dir/home/bira/pico/pico-sdk/src/rp2_common/pico_stdio/stdio.c.o
                0x00000000100052d4                __wrap_vprintf
                0x00000000100052d4                stdio_vprintf
 .text.__wrap_printf
                0x00000000100053ac       0x18 CMakeFiles/main.dir/home/bira/pico/pico-sdk/src/rp2_common/pico_stdio/stdio.c.o
                0x00000000100053ac                stdio_printf
                0x00000000100053ac                __wrap_printf
 .text.stdio_uart_out_chars
                0x00000000100053c4       0x4c CMakeFiles/main.dir/home/bira/pico/pico-sdk/src/rp2_common/pico_stdio_uart/stdio_uart.c.o
 .text.stdio_uart_in_chars
                0x0000000010005410       0x84 CMakeFiles/main.dir/home/bira/pico/pico-sdk/src/rp2_common/pico_stdio_uart/stdio_uart.c.o
                0x0000000010005410                stdio_uart_in_chars
 .text.on_uart_rx
                0x0000000010005494       0x28 CMakeFiles/main.dir/home/bira/pico/pico-sdk/src/rp2_common/pico_stdio_uart/stdio_uart.c.o
 .text.stdio_uart_out_flush
                0x00000000100054bc       0x14 CMakeFiles/main.dir/home/bira/pico/pico-sdk/src/rp2_common/pico_stdio_uart/stdio_uart.c.o
 .text.stdio_uart_set_chars_available_callback
                0x00000000100054d0       0x88 CMakeFiles/main.dir/home/bira/pico/pico-sdk/src/rp2_common/pico_stdio_uart/stdio_uart.c.o
 .text.stdio_uart_init
                0x0000000010005558       0x50 CMakeFiles/main.dir/home/bira/pico/pico-sdk/src/rp2_common/pico_stdio_uart/stdio_uart.c.o
                0x0000000010005558                stdio_uart_init
 .text.resetd_init
                0x00000000100055a8        0x4 CMakeFiles/main.dir/home/bira/pico/pico-sdk/src/rp2_common/pico_stdio_usb/reset_interface.c.o
 .text.resetd_reset
                0x00000000100055ac        0xc CMakeFiles/main.dir/home/bira/pico/pico-sdk/src/rp2_common/pico_stdio_usb/reset_interface.c.o
 .text.resetd_open
                0x00000000100055b8       0x28 CMakeFiles/main.dir/home/bira/pico/pico-sdk/src/rp2_common/pico_stdio_usb/reset_interface.c.o
 .text.resetd_xfer_cb
                0x00000000100055e0        0x4 CMakeFiles/main.dir/home/bira/pico/pico-sdk/src/rp2_common/pico_stdio_usb/reset_interface.c.o
 .text.resetd_control_xfer_cb
                0x00000000100055e4       0x60 CMakeFiles/main.dir/home/bira/pico/pico-sdk/src/rp2_common/pico_stdio_usb/reset_interface.c.o
 .text.tud_descriptor_bos_cb
                0x0000000010005644        0x8 CMakeFiles/main.dir/home/bira/pico/pico-sdk/src/rp2_common/pico_stdio_usb/reset_interface.c.o
                0x0000000010005644                tud_descriptor_bos_cb
 .text.tud_vendor_control_xfer_cb
                0x000000001000564c       0x34 CMakeFiles/main.dir/home/bira/pico/pico-sdk/src/rp2_common/pico_stdio_usb/reset_interface.c.o
                0x000000001000564c                tud_vendor_control_xfer_cb
 .text.usbd_app_driver_get_cb
                0x0000000010005680        0xc CMakeFiles/main.dir/home/bira/pico/pico-sdk/src/rp2_common/pico_stdio_usb/reset_interface.c.o
                0x0000000010005680                usbd_app_driver_get_cb
 .text.tud_cdc_line_coding_cb
                0x000000001000568c       0x2c CMakeFiles/main.dir/home/bira/pico/pico-sdk/src/rp2_common/pico_stdio_usb/reset_interface.c.o
                0x000000001000568c                tud_cdc_line_coding_cb
 .text.stdio_usb_set_chars_available_callback
                0x00000000100056b8       0x14 CMakeFiles/main.dir/home/bira/pico/pico-sdk/src/rp2_common/pico_stdio_usb/stdio_usb.c.o
                0x00000000100056b8                stdio_usb_set_chars_available_callback
 .text.usb_irq  0x00000000100056cc       0x10 CMakeFiles/main.dir/home/bira/pico/pico-sdk/src/rp2_common/pico_stdio_usb/stdio_usb.c.o
 .text.timer_task
                0x00000000100056dc       0x64 CMakeFiles/main.dir/home/bira/pico/pico-sdk/src/rp2_common/pico_stdio_usb/stdio_usb.c.o
 .text.stdio_usb_in_chars
                0x0000000010005740       0x90 CMakeFiles/main.dir/home/bira/pico/pico-sdk/src/rp2_common/pico_stdio_usb/stdio_usb.c.o
                0x0000000010005740                stdio_usb_in_chars
 .text.stdio_usb_out_flush
                0x00000000100057d0       0x50 CMakeFiles/main.dir/home/bira/pico/pico-sdk/src/rp2_common/pico_stdio_usb/stdio_usb.c.o
 .text.stdio_usb_out_chars
                0x0000000010005820      0x100 CMakeFiles/main.dir/home/bira/pico/pico-sdk/src/rp2_common/pico_stdio_usb/stdio_usb.c.o
 .text.low_priority_worker_irq
                0x0000000010005920       0xc8 CMakeFiles/main.dir/home/bira/pico/pico-sdk/src/rp2_common/pico_stdio_usb/stdio_usb.c.o
 .text.stdio_usb_init
                0x00000000100059e8       0xe4 CMakeFiles/main.dir/home/bira/pico/pico-sdk/src/rp2_common/pico_stdio_usb/stdio_usb.c.o
                0x00000000100059e8                stdio_usb_init
 .text.tud_descriptor_device_cb
                0x0000000010005acc        0x8 CMakeFiles/main.dir/home/bira/pico/pico-sdk/src/rp2_common/pico_stdio_usb/stdio_usb_descriptors.c.o
                0x0000000010005acc                tud_descriptor_device_cb
 .text.tud_descriptor_configuration_cb
                0x0000000010005ad4        0x8 CMakeFiles/main.dir/home/bira/pico/pico-sdk/src/rp2_common/pico_stdio_usb/stdio_usb_descriptors.c.o
                0x0000000010005ad4                tud_descriptor_configuration_cb
 .text.tud_descriptor_string_cb
                0x0000000010005adc       0x74 CMakeFiles/main.dir/home/bira/pico/pico-sdk/src/rp2_common/pico_stdio_usb/stdio_usb_descriptors.c.o
                0x0000000010005adc                tud_descriptor_string_cb
 .text.startup._retrieve_unique_id_on_boot
                0x0000000010005b50       0x10 CMakeFiles/main.dir/home/bira/pico/pico-sdk/src/rp2_common/pico_unique_id/unique_id.c.o
 .text.pico_get_unique_board_id_string
                0x0000000010005b60      0x1a8 CMakeFiles/main.dir/home/bira/pico/pico-sdk/src/rp2_common/pico_unique_id/unique_id.c.o
                0x0000000010005b60                pico_get_unique_board_id_string
 .text.flash_get_unique_id
                0x0000000010005d08       0x40 CMakeFiles/main.dir/home/bira/pico/pico-sdk/src/rp2_common/hardware_flash/flash.c.o
                0x0000000010005d08                flash_get_unique_id
 .text.dcd_init
                0x0000000010005d48       0x8c CMakeFiles/main.dir/home/bira/pico/pico-sdk/lib/tinyusb/src/portable/raspberrypi/rp2040/dcd_rp2040.c.o
                0x0000000010005d48                dcd_init
 .text.dcd_int_enable
                0x0000000010005dd4        0xc CMakeFiles/main.dir/home/bira/pico/pico-sdk/lib/tinyusb/src/portable/raspberrypi/rp2040/dcd_rp2040.c.o
                0x0000000010005dd4                dcd_int_enable
 .text.dcd_set_address
                0x0000000010005de0       0x14 CMakeFiles/main.dir/home/bira/pico/pico-sdk/lib/tinyusb/src/portable/raspberrypi/rp2040/dcd_rp2040.c.o
                0x0000000010005de0                dcd_set_address
 .text.dcd_sof_enable
                0x0000000010005df4       0x1c CMakeFiles/main.dir/home/bira/pico/pico-sdk/lib/tinyusb/src/portable/raspberrypi/rp2040/dcd_rp2040.c.o
                0x0000000010005df4                dcd_sof_enable
 .text.dcd_edpt0_status_complete
                0x0000000010005e10       0x1c CMakeFiles/main.dir/home/bira/pico/pico-sdk/lib/tinyusb/src/portable/raspberrypi/rp2040/dcd_rp2040.c.o
                0x0000000010005e10                dcd_edpt0_status_complete
 .text.dcd_edpt_open
                0x0000000010005e2c      0x108 CMakeFiles/main.dir/home/bira/pico/pico-sdk/lib/tinyusb/src/portable/raspberrypi/rp2040/dcd_rp2040.c.o
                0x0000000010005e2c                dcd_edpt_open
 .text.dcd_edpt_close_all
                0x0000000010005f34        0x8 CMakeFiles/main.dir/home/bira/pico/pico-sdk/lib/tinyusb/src/portable/raspberrypi/rp2040/dcd_rp2040.c.o
                0x0000000010005f34                dcd_edpt_close_all
 .text.dcd_edpt_xfer
                0x0000000010005f3c       0x24 CMakeFiles/main.dir/home/bira/pico/pico-sdk/lib/tinyusb/src/portable/raspberrypi/rp2040/dcd_rp2040.c.o
                0x0000000010005f3c                dcd_edpt_xfer
 .text.dcd_edpt_stall
                0x0000000010005f60       0x38 CMakeFiles/main.dir/home/bira/pico/pico-sdk/lib/tinyusb/src/portable/raspberrypi/rp2040/dcd_rp2040.c.o
                0x0000000010005f60                dcd_edpt_stall
 .text.dcd_edpt_clear_stall
                0x0000000010005f98       0x30 CMakeFiles/main.dir/home/bira/pico/pico-sdk/lib/tinyusb/src/portable/raspberrypi/rp2040/dcd_rp2040.c.o
                0x0000000010005f98                dcd_edpt_clear_stall
 .text.rp2040_usb_init
                0x0000000010005fc8       0x40 CMakeFiles/main.dir/home/bira/pico/pico-sdk/lib/tinyusb/src/portable/raspberrypi/rp2040/rp2040_usb.c.o
                0x0000000010005fc8                rp2040_usb_init
 .text.hw_endpoint_xfer_start
                0x0000000010006008       0x50 CMakeFiles/main.dir/home/bira/pico/pico-sdk/lib/tinyusb/src/portable/raspberrypi/rp2040/rp2040_usb.c.o
                0x0000000010006008                hw_endpoint_xfer_start
 .text.tud_event_hook_cb
                0x0000000010006058        0x4 CMakeFiles/main.dir/home/bira/pico/pico-sdk/lib/tinyusb/src/device/usbd.c.o
                0x0000000010006058                tud_event_hook_cb
 .text.tud_sof_cb
                0x000000001000605c        0x4 CMakeFiles/main.dir/home/bira/pico/pico-sdk/lib/tinyusb/src/device/usbd.c.o
                0x000000001000605c                tud_sof_cb
 .text.tud_descriptor_device_qualifier_cb
                0x0000000010006060        0x4 CMakeFiles/main.dir/home/bira/pico/pico-sdk/lib/tinyusb/src/device/usbd.c.o
                0x0000000010006060                tud_descriptor_device_qualifier_cb
 .text.tud_descriptor_other_speed_configuration_cb
                0x0000000010006064        0x4 CMakeFiles/main.dir/home/bira/pico/pico-sdk/lib/tinyusb/src/device/usbd.c.o
                0x0000000010006064                tud_descriptor_other_speed_configuration_cb
 .text.tud_mount_cb
                0x0000000010006068        0x4 CMakeFiles/main.dir/home/bira/pico/pico-sdk/lib/tinyusb/src/device/usbd.c.o
                0x0000000010006068                tud_mount_cb
 .text.tud_umount_cb
                0x000000001000606c        0x4 CMakeFiles/main.dir/home/bira/pico/pico-sdk/lib/tinyusb/src/device/usbd.c.o
                0x000000001000606c                tud_umount_cb
 .text.tud_suspend_cb
                0x0000000010006070        0x4 CMakeFiles/main.dir/home/bira/pico/pico-sdk/lib/tinyusb/src/device/usbd.c.o
                0x0000000010006070                tud_suspend_cb
 .text.tud_resume_cb
                0x0000000010006074        0x4 CMakeFiles/main.dir/home/bira/pico/pico-sdk/lib/tinyusb/src/device/usbd.c.o
                0x0000000010006074                tud_resume_cb
 .text.tud_mounted
                0x0000000010006078       0x10 CMakeFiles/main.dir/home/bira/pico/pico-sdk/lib/tinyusb/src/device/usbd.c.o
                0x0000000010006078                tud_mounted
 .text.tud_suspended
                0x0000000010006088       0x10 CMakeFiles/main.dir/home/bira/pico/pico-sdk/lib/tinyusb/src/device/usbd.c.o
                0x0000000010006088                tud_suspended
 .text.tud_init
                0x0000000010006098       0xe4 CMakeFiles/main.dir/home/bira/pico/pico-sdk/lib/tinyusb/src/device/usbd.c.o
                0x0000000010006098                tud_init
 .text.tud_task_ext
                0x000000001000617c      0x800 CMakeFiles/main.dir/home/bira/pico/pico-sdk/lib/tinyusb/src/device/usbd.c.o
                0x000000001000617c                tud_task_ext
 .text.usbd_open_edpt_pair
                0x000000001000697c       0x9c CMakeFiles/main.dir/home/bira/pico/pico-sdk/lib/tinyusb/src/device/usbd.c.o
                0x000000001000697c                usbd_open_edpt_pair
 .text.usbd_edpt_open
                0x0000000010006a18       0x34 CMakeFiles/main.dir/home/bira/pico/pico-sdk/lib/tinyusb/src/device/usbd.c.o
                0x0000000010006a18                usbd_edpt_open
 .text.usbd_edpt_claim
                0x0000000010006a4c       0x28 CMakeFiles/main.dir/home/bira/pico/pico-sdk/lib/tinyusb/src/device/usbd.c.o
                0x0000000010006a4c                usbd_edpt_claim
 .text.usbd_edpt_release
                0x0000000010006a74       0x28 CMakeFiles/main.dir/home/bira/pico/pico-sdk/lib/tinyusb/src/device/usbd.c.o
                0x0000000010006a74                usbd_edpt_release
 .text.usbd_edpt_xfer
                0x0000000010006a9c       0x4c CMakeFiles/main.dir/home/bira/pico/pico-sdk/lib/tinyusb/src/device/usbd.c.o
                0x0000000010006a9c                usbd_edpt_xfer
 .text.tud_control_status
                0x0000000010006ae8       0x30 CMakeFiles/main.dir/home/bira/pico/pico-sdk/lib/tinyusb/src/device/usbd_control.c.o
                0x0000000010006ae8                tud_control_status
 .text.tud_control_xfer
                0x0000000010006b18       0xbc CMakeFiles/main.dir/home/bira/pico/pico-sdk/lib/tinyusb/src/device/usbd_control.c.o
                0x0000000010006b18                tud_control_xfer
 .text.usbd_control_reset
                0x0000000010006bd4       0x14 CMakeFiles/main.dir/home/bira/pico/pico-sdk/lib/tinyusb/src/device/usbd_control.c.o
                0x0000000010006bd4                usbd_control_reset
 .text.usbd_control_set_complete_callback
                0x0000000010006be8        0xc CMakeFiles/main.dir/home/bira/pico/pico-sdk/lib/tinyusb/src/device/usbd_control.c.o
                0x0000000010006be8                usbd_control_set_complete_callback
 .text.usbd_control_set_request
                0x0000000010006bf4       0x1c CMakeFiles/main.dir/home/bira/pico/pico-sdk/lib/tinyusb/src/device/usbd_control.c.o
                0x0000000010006bf4                usbd_control_set_request
 .text.usbd_control_xfer_cb
                0x0000000010006c10       0xf0 CMakeFiles/main.dir/home/bira/pico/pico-sdk/lib/tinyusb/src/device/usbd_control.c.o
                0x0000000010006c10                usbd_control_xfer_cb
 .text._prep_out_transaction.isra.0
                0x0000000010006d00       0x5c CMakeFiles/main.dir/home/bira/pico/pico-sdk/lib/tinyusb/src/class/cdc/cdc_device.c.o
 .text.tud_cdc_n_connected
                0x0000000010006d5c       0x30 CMakeFiles/main.dir/home/bira/pico/pico-sdk/lib/tinyusb/src/class/cdc/cdc_device.c.o
                0x0000000010006d5c                tud_cdc_n_connected
 .text.tud_cdc_n_available
                0x0000000010006d8c       0x18 CMakeFiles/main.dir/home/bira/pico/pico-sdk/lib/tinyusb/src/class/cdc/cdc_device.c.o
                0x0000000010006d8c                tud_cdc_n_available
 .text.tud_cdc_n_read
                0x0000000010006da4       0x98 CMakeFiles/main.dir/home/bira/pico/pico-sdk/lib/tinyusb/src/class/cdc/cdc_device.c.o
                0x0000000010006da4                tud_cdc_n_read
 .text.tud_cdc_n_write_flush
                0x0000000010006e3c       0x78 CMakeFiles/main.dir/home/bira/pico/pico-sdk/lib/tinyusb/src/class/cdc/cdc_device.c.o
                0x0000000010006e3c                tud_cdc_n_write_flush
 .text.tud_cdc_n_write
                0x0000000010006eb4       0x44 CMakeFiles/main.dir/home/bira/pico/pico-sdk/lib/tinyusb/src/class/cdc/cdc_device.c.o
                0x0000000010006eb4                tud_cdc_n_write
 .text.tud_cdc_n_write_available
                0x0000000010006ef8       0x18 CMakeFiles/main.dir/home/bira/pico/pico-sdk/lib/tinyusb/src/class/cdc/cdc_device.c.o
                0x0000000010006ef8                tud_cdc_n_write_available
 .text.cdcd_init
                0x0000000010006f10       0x7c CMakeFiles/main.dir/home/bira/pico/pico-sdk/lib/tinyusb/src/class/cdc/cdc_device.c.o
                0x0000000010006f10                cdcd_init
 .text.cdcd_deinit
                0x0000000010006f8c       0x24 CMakeFiles/main.dir/home/bira/pico/pico-sdk/lib/tinyusb/src/class/cdc/cdc_device.c.o
                0x0000000010006f8c                cdcd_deinit
 .text.cdcd_reset
                0x0000000010006fb0       0x4c CMakeFiles/main.dir/home/bira/pico/pico-sdk/lib/tinyusb/src/class/cdc/cdc_device.c.o
                0x0000000010006fb0                cdcd_reset
 .text.cdcd_open
                0x0000000010006ffc       0xb4 CMakeFiles/main.dir/home/bira/pico/pico-sdk/lib/tinyusb/src/class/cdc/cdc_device.c.o
                0x0000000010006ffc                cdcd_open
 .text.cdcd_control_xfer_cb
                0x00000000100070b0       0xe4 CMakeFiles/main.dir/home/bira/pico/pico-sdk/lib/tinyusb/src/class/cdc/cdc_device.c.o
                0x00000000100070b0                cdcd_control_xfer_cb
 .text.cdcd_xfer_cb
                0x0000000010007194       0xfc CMakeFiles/main.dir/home/bira/pico/pico-sdk/lib/tinyusb/src/class/cdc/cdc_device.c.o
                0x0000000010007194                cdcd_xfer_cb
 .text.vendord_init
                0x0000000010007290       0x5c CMakeFiles/main.dir/home/bira/pico/pico-sdk/lib/tinyusb/src/class/vendor/vendor_device.c.o
                0x0000000010007290                vendord_init
 .text.vendord_deinit
                0x00000000100072ec       0x1c CMakeFiles/main.dir/home/bira/pico/pico-sdk/lib/tinyusb/src/class/vendor/vendor_device.c.o
                0x00000000100072ec                vendord_deinit
 .text.vendord_reset
                0x0000000010007308       0x20 CMakeFiles/main.dir/home/bira/pico/pico-sdk/lib/tinyusb/src/class/vendor/vendor_device.c.o
                0x0000000010007308                vendord_reset
 .text.vendord_open
                0x0000000010007328      0x138 CMakeFiles/main.dir/home/bira/pico/pico-sdk/lib/tinyusb/src/class/vendor/vendor_device.c.o
                0x0000000010007328                vendord_open
 .text.vendord_xfer_cb
                0x0000000010007460       0x9c CMakeFiles/main.dir/home/bira/pico/pico-sdk/lib/tinyusb/src/class/vendor/vendor_device.c.o
                0x0000000010007460                vendord_xfer_cb
 .text.tusb_init
                0x00000000100074fc        0xc CMakeFiles/main.dir/home/bira/pico/pico-sdk/lib/tinyusb/src/tusb.c.o
                0x00000000100074fc                tusb_init
 .text.tu_edpt_claim
                0x0000000010007508       0x50 CMakeFiles/main.dir/home/bira/pico/pico-sdk/lib/tinyusb/src/tusb.c.o
                0x0000000010007508                tu_edpt_claim
 .text.tu_edpt_release
                0x0000000010007558       0x38 CMakeFiles/main.dir/home/bira/pico/pico-sdk/lib/tinyusb/src/tusb.c.o
                0x0000000010007558                tu_edpt_release
 .text.tu_edpt_validate
                0x0000000010007590       0x78 CMakeFiles/main.dir/home/bira/pico/pico-sdk/lib/tinyusb/src/tusb.c.o
                0x0000000010007590                tu_edpt_validate
 .text.tu_edpt_bind_driver
                0x0000000010007608       0x34 CMakeFiles/main.dir/home/bira/pico/pico-sdk/lib/tinyusb/src/tusb.c.o
                0x0000000010007608                tu_edpt_bind_driver
 .text.tu_edpt_stream_init
                0x000000001000763c       0x6c CMakeFiles/main.dir/home/bira/pico/pico-sdk/lib/tinyusb/src/tusb.c.o
                0x000000001000763c                tu_edpt_stream_init
 .text.tu_edpt_stream_deinit
                0x00000000100076a8        0x4 CMakeFiles/main.dir/home/bira/pico/pico-sdk/lib/tinyusb/src/tusb.c.o
                0x00000000100076a8                tu_edpt_stream_deinit
 .text.tu_edpt_stream_write_zlp_if_needed
                0x00000000100076ac       0x58 CMakeFiles/main.dir/home/bira/pico/pico-sdk/lib/tinyusb/src/tusb.c.o
                0x00000000100076ac                tu_edpt_stream_write_zlp_if_needed
 .text.tu_edpt_stream_write_xfer
                0x0000000010007704       0x64 CMakeFiles/main.dir/home/bira/pico/pico-sdk/lib/tinyusb/src/tusb.c.o
                0x0000000010007704                tu_edpt_stream_write_xfer
 .text.tu_edpt_stream_read_xfer
                0x0000000010007768       0xdc CMakeFiles/main.dir/home/bira/pico/pico-sdk/lib/tinyusb/src/tusb.c.o
                0x0000000010007768                tu_edpt_stream_read_xfer
 .text.tu_fifo_config
                0x0000000010007844       0x70 CMakeFiles/main.dir/home/bira/pico/pico-sdk/lib/tinyusb/src/common/tusb_fifo.c.o
                0x0000000010007844                tu_fifo_config
 .text.tu_fifo_count
                0x00000000100078b4       0x2c CMakeFiles/main.dir/home/bira/pico/pico-sdk/lib/tinyusb/src/common/tusb_fifo.c.o
                0x00000000100078b4                tu_fifo_count
 .text.tu_fifo_empty
                0x00000000100078e0       0x10 CMakeFiles/main.dir/home/bira/pico/pico-sdk/lib/tinyusb/src/common/tusb_fifo.c.o
                0x00000000100078e0                tu_fifo_empty
 .text.tu_fifo_remaining
                0x00000000100078f0       0x2c CMakeFiles/main.dir/home/bira/pico/pico-sdk/lib/tinyusb/src/common/tusb_fifo.c.o
                0x00000000100078f0                tu_fifo_remaining
 .text.tu_fifo_read
                0x000000001000791c       0xa0 CMakeFiles/main.dir/home/bira/pico/pico-sdk/lib/tinyusb/src/common/tusb_fifo.c.o
                0x000000001000791c                tu_fifo_read
 .text.tu_fifo_read_n
                0x00000000100079bc       0xec CMakeFiles/main.dir/home/bira/pico/pico-sdk/lib/tinyusb/src/common/tusb_fifo.c.o
                0x00000000100079bc                tu_fifo_read_n
 .text.tu_fifo_write
                0x0000000010007aa8       0x88 CMakeFiles/main.dir/home/bira/pico/pico-sdk/lib/tinyusb/src/common/tusb_fifo.c.o
                0x0000000010007aa8                tu_fifo_write
 .text.tu_fifo_write_n
                0x0000000010007b30      0x168 CMakeFiles/main.dir/home/bira/pico/pico-sdk/lib/tinyusb/src/common/tusb_fifo.c.o
                0x0000000010007b30                tu_fifo_write_n
 .text.tu_fifo_clear
                0x0000000010007c98       0x40 CMakeFiles/main.dir/home/bira/pico/pico-sdk/lib/tinyusb/src/common/tusb_fifo.c.o
                0x0000000010007c98                tu_fifo_clear
 .text.tu_fifo_set_overwritable
                0x0000000010007cd8       0x48 CMakeFiles/main.dir/home/bira/pico/pico-sdk/lib/tinyusb/src/common/tusb_fifo.c.o
                0x0000000010007cd8                tu_fifo_set_overwritable
 .text.adc_init
                0x0000000010007d20       0x38 CMakeFiles/main.dir/home/bira/pico/pico-sdk/src/rp2_common/hardware_adc/adc.c.o
                0x0000000010007d20                adc_init
 .text.i2c_write_blocking_internal.constprop.0
                0x0000000010007d58       0xd0 CMakeFiles/main.dir/home/bira/pico/pico-sdk/src/rp2_common/hardware_i2c/i2c.c.o
 .text.i2c_set_baudrate
                0x0000000010007e28       0xc0 CMakeFiles/main.dir/home/bira/pico/pico-sdk/src/rp2_common/hardware_i2c/i2c.c.o
                0x0000000010007e28                i2c_set_baudrate
 .text.i2c_init
                0x0000000010007ee8       0x54 CMakeFiles/main.dir/home/bira/pico/pico-sdk/src/rp2_common/hardware_i2c/i2c.c.o
                0x0000000010007ee8                i2c_init
 .text.i2c_write_blocking
                0x0000000010007f3c       0x14 CMakeFiles/main.dir/home/bira/pico/pico-sdk/src/rp2_common/hardware_i2c/i2c.c.o
                0x0000000010007f3c                i2c_write_blocking
 .text          0x0000000010007f50       0x28 /usr/lib/gcc/arm-none-eabi/10.3.1/../../../arm-none-eabi/lib/thumb/v6-m/nofp/libg.a(lib_a-malloc.o)
                0x0000000010007f50                malloc
                0x0000000010007f64                free
 .text          0x0000000010007f78      0x574 /usr/lib/gcc/arm-none-eabi/10.3.1/../../../arm-none-eabi/lib/thumb/v6-m/nofp/libg.a(lib_a-mallocr.o)
                0x0000000010007f78                _malloc_r
 .text          0x00000000100084ec        0x8 /usr/lib/gcc/arm-none-eabi/10.3.1/../../../arm-none-eabi/lib/thumb/v6-m/nofp/libg.a(lib_a-mlock.o)
                0x00000000100084ec                __malloc_lock
                0x00000000100084f0                __malloc_unlock
 .text          0x00000000100084f4       0x24 /usr/lib/gcc/arm-none-eabi/10.3.1/../../../arm-none-eabi/lib/thumb/v6-m/nofp/libg.a(lib_a-sbrkr.o)
                0x00000000100084f4                _sbrk_r
 .text          0x0000000010008518       0x5c /usr/lib/gcc/arm-none-eabi/10.3.1/../../../arm-none-eabi/lib/thumb/v6-m/nofp/libg.a(lib_a-strlen-stub.o)
                0x0000000010008518                strlen
 .text          0x0000000010008574      0x260 /usr/lib/gcc/arm-none-eabi/10.3.1/../../../arm-none-eabi/lib/thumb/v6-m/nofp/libg.a(lib_a-freer.o)
                0x0000000010008574                _malloc_trim_r
                0x0000000010008610                _free_r
 *(.fini)
 .fini          0x00000000100087d4        0x4 /usr/lib/gcc/arm-none-eabi/10.3.1/thumb/v6-m/nofp/crti.o
                0x00000000100087d4                _fini
 .fini.__stub   0x00000000100087d8       0xd0 linker stubs
 *crtbegin.o(.ctors)
 *crtbegin?.o(.ctors)
 *(EXCLUDE_FILE(*crtend.o *crtend?.o) .ctors)
 *(SORT_BY_NAME(.ctors.*))
 *(.ctors)
 *crtbegin.o(.dtors)
 *crtbegin?.o(.dtors)
 *(EXCLUDE_FILE(*crtend.o *crtend?.o) .dtors)
 *(SORT_BY_NAME(.dtors.*))
 *(.dtors)
                0x00000000100088a8                . = ALIGN (0x4)
                0x00000000100088a8                PROVIDE (__preinit_array_start = .)
 *(SORT_BY_NAME(.preinit_array.*))
 .preinit_array.00100
                0x00000000100088a8        0x4 CMakeFiles/main.dir/home/bira/pico/pico-sdk/src/rp2_common/pico_runtime_init/runtime_init.c.o
                0x00000000100088a8                __pre_init_runtime_init_early_resets
 .preinit_array.00101
                0x00000000100088ac        0x4 CMakeFiles/main.dir/home/bira/pico/pico-sdk/src/rp2_common/pico_runtime_init/runtime_init.c.o
                0x00000000100088ac                __pre_init_runtime_init_usb_power_down
 .preinit_array.00275
                0x00000000100088b0        0x4 CMakeFiles/main.dir/home/bira/pico/pico-sdk/src/rp2_common/pico_bit_ops/bit_ops_aeabi.S.o
 .preinit_array.00300
                0x00000000100088b4        0x4 CMakeFiles/main.dir/home/bira/pico/pico-sdk/src/rp2_common/pico_mem_ops/mem_ops_aeabi.S.o
 .preinit_array.00350
                0x00000000100088b8        0x4 CMakeFiles/main.dir/home/bira/pico/pico-sdk/src/rp2_common/pico_double/double_aeabi_rp2040.S.o
 .preinit_array.00350
                0x00000000100088bc        0x4 CMakeFiles/main.dir/home/bira/pico/pico-sdk/src/rp2_common/pico_float/float_aeabi_rp2040.S.o
 .preinit_array.00500
                0x00000000100088c0        0x4 CMakeFiles/main.dir/home/bira/pico/pico-sdk/src/rp2_common/pico_runtime_init/runtime_init.c.o
                0x00000000100088c0                __pre_init_runtime_init_clocks
 .preinit_array.00600
                0x00000000100088c4        0x4 CMakeFiles/main.dir/home/bira/pico/pico-sdk/src/rp2_common/pico_runtime_init/runtime_init.c.o
                0x00000000100088c4                __pre_init_runtime_init_post_clock_resets
 .preinit_array.00700
                0x00000000100088c8        0x4 CMakeFiles/main.dir/home/bira/pico/pico-sdk/src/rp2_common/pico_runtime_init/runtime_init.c.o
                0x00000000100088c8                __pre_init_runtime_init_rp2040_gpio_ie_disable
 .preinit_array.01000
                0x00000000100088cc        0x4 CMakeFiles/main.dir/home/bira/pico/pico-sdk/src/rp2_common/pico_runtime_init/runtime_init.c.o
                0x00000000100088cc                __pre_init_runtime_init_spin_locks_reset
 .preinit_array.01100
                0x00000000100088d0        0x4 CMakeFiles/main.dir/home/bira/pico/pico-sdk/src/common/pico_sync/mutex.c.o
                0x00000000100088d0                __pre_init_runtime_init_mutex
 .preinit_array.10080
                0x00000000100088d4        0x4 CMakeFiles/main.dir/home/bira/pico/pico-sdk/src/rp2_common/pico_runtime_init/runtime_init.c.o
                0x00000000100088d4                __pre_init_runtime_init_install_ram_vector_table
 .preinit_array.11000
                0x00000000100088d8        0x4 CMakeFiles/main.dir/home/bira/pico/pico-sdk/src/common/pico_time/time.c.o
                0x00000000100088d8                __pre_init_runtime_init_default_alarm_pool
 .preinit_array.YYYYY
                0x00000000100088dc        0x4 CMakeFiles/main.dir/home/bira/pico/pico-sdk/src/rp2_common/pico_runtime/runtime.c.o
                0x00000000100088dc                __pre_init_first_per_core_initializer
 .preinit_array.ZZZZZ.01200
                0x00000000100088e0        0x4 CMakeFiles/main.dir/home/bira/pico/pico-sdk/src/rp2_common/hardware_irq/irq.c.o
                0x00000000100088e0                __pre_init_runtime_init_per_core_irq_priorities
 *(.preinit_array)
                0x00000000100088e4                PROVIDE (__preinit_array_end = .)
                0x00000000100088e4                . = ALIGN (0x4)
                0x00000000100088e4                PROVIDE (__init_array_start = .)
 *(SORT_BY_NAME(.init_array.*))
 *(.init_array)
 .init_array    0x00000000100088e4        0x4 /usr/lib/gcc/arm-none-eabi/10.3.1/thumb/v6-m/nofp/crtbegin.o
 .init_array    0x00000000100088e8        0x4 CMakeFiles/main.dir/home/bira/pico/pico-sdk/src/rp2_common/pico_unique_id/unique_id.c.o
                0x00000000100088ec                PROVIDE (__init_array_end = .)
                0x00000000100088ec                . = ALIGN (0x4)
                0x00000000100088ec                PROVIDE (__fini_array_start = .)
 *(SORT_BY_NAME(.fini_array.*))
 *(.fini_array)
                0x00000000100088ec                PROVIDE (__fini_array_end = .)
 *(.eh_frame*)
 .eh_frame      0x00000000100088ec        0x0 /usr/lib/gcc/arm-none-eabi/10.3.1/thumb/v6-m/nofp/crtbegin.o
                0x00000000100088ec                . = ALIGN (0x4)

.glue_7         0x00000000100088ec        0x0
 .glue_7        0x00000000100088ec        0x0 linker stubs

.glue_7t        0x00000000100088ec        0x0
 .glue_7t       0x00000000100088ec        0x0 linker stubs

.vfp11_veneer   0x00000000100088ec        0x0
 .vfp11_veneer  0x00000000100088ec        0x0 linker stubs

.v4_bx          0x00000000100088ec        0x0
 .v4_bx         0x00000000100088ec        0x0 linker stubs

.iplt           0x00000000100088ec        0x0
 .iplt          0x00000000100088ec        0x0 /usr/lib/gcc/arm-none-eabi/10.3.1/thumb/v6-m/nofp/crtbegin.o

.rodata         0x00000000100088f0      0x998
 *(EXCLUDE_FILE(*libm.a: *libc.a:*lib_a-mem*.o *libgcc.a:) .rodata*)
 .rodata.BUTTON_PIN
                0x00000000100088f0        0x4 CMakeFiles/main.dir/buttom.c.o
                0x00000000100088f0                BUTTON_PIN
 .rodata.compassos.0
                0x00000000100088f4       0x90 CMakeFiles/main.dir/buttom.c.o
 .rodata.CSWTCH.18
                0x0000000010008984        0x7 CMakeFiles/main.dir/rgb.c.o
 *fill*         0x000000001000898b        0x1 
 .rodata.CSWTCH.19
                0x000000001000898c        0x7 CMakeFiles/main.dir/rgb.c.o
 *fill*         0x0000000010008993        0x1 
 .rodata.CSWTCH.20
                0x0000000010008994        0x7 CMakeFiles/main.dir/rgb.c.o
 *fill*         0x000000001000899b        0x1 
 .rodata.atualizar_display.str1.4
                0x000000001000899c        0xc CMakeFiles/main.dir/oled.c.o
 .rodata.ssd1306_init.str1.4
                0x00000000100089a8       0x3f CMakeFiles/main.dir/ssd1306.c.o
 *fill*         0x00000000100089e7        0x1 
 .rodata.ssd1306_show.str1.4
                0x00000000100089e8        0xd CMakeFiles/main.dir/ssd1306.c.o
 *fill*         0x00000000100089f5        0x3 
 .rodata.font_8x5
                0x00000000100089f8      0x1e0 CMakeFiles/main.dir/ssd1306.c.o
                0x00000000100089f8                font_8x5
 .rodata.panic.str1.4
                0x0000000010008bd8       0x12 CMakeFiles/main.dir/home/bira/pico/pico-sdk/src/rp2_common/pico_platform_panic/panic.c.o
 *fill*         0x0000000010008bea        0x2 
 .rodata.spin_lock_claim_unused.str1.4
                0x0000000010008bec       0x1b CMakeFiles/main.dir/home/bira/pico/pico-sdk/src/rp2_common/hardware_sync/sync.c.o
 *fill*         0x0000000010008c07        0x1 
 .rodata.user_irq_claim_unused.str1.4
                0x0000000010008c08       0x1b CMakeFiles/main.dir/home/bira/pico/pico-sdk/src/rp2_common/hardware_irq/irq.c.o
 *fill*         0x0000000010008c23        0x1 
 .rodata.timer_hardware_alarm_claim.str1.4
                0x0000000010008c24       0x22 CMakeFiles/main.dir/home/bira/pico/pico-sdk/src/rp2_common/hardware_timer/timer.c.o
 *fill*         0x0000000010008c46        0x2 
 .rodata.hard_assertion_failure.str1.4
                0x0000000010008c48        0xc CMakeFiles/main.dir/home/bira/pico/pico-sdk/src/rp2_common/pico_runtime/runtime.c.o
 .rodata.__wrap_malloc.str1.4
                0x0000000010008c54        0xe CMakeFiles/main.dir/home/bira/pico/pico-sdk/src/rp2_common/pico_malloc/malloc.c.o
 *fill*         0x0000000010008c62        0x2 
 .rodata.str1.4
                0x0000000010008c64       0x3c CMakeFiles/main.dir/home/bira/pico/pico-sdk/src/rp2_common/pico_standard_binary_info/standard_binary_info.c.o
 .rodata.__bi_26
                0x0000000010008ca0        0xc CMakeFiles/main.dir/home/bira/pico/pico-sdk/src/rp2_common/pico_standard_binary_info/standard_binary_info.c.o
 .rodata.__bi_34
                0x0000000010008cac        0xc CMakeFiles/main.dir/home/bira/pico/pico-sdk/src/rp2_common/pico_standard_binary_info/standard_binary_info.c.o
 .rodata.__bi_42
                0x0000000010008cb8        0xc CMakeFiles/main.dir/home/bira/pico/pico-sdk/src/rp2_common/pico_standard_binary_info/standard_binary_info.c.o
 .rodata.__bi_48
                0x0000000010008cc4        0xc CMakeFiles/main.dir/home/bira/pico/pico-sdk/src/rp2_common/pico_standard_binary_info/standard_binary_info.c.o
 .rodata.__bi_54
                0x0000000010008cd0        0xc CMakeFiles/main.dir/home/bira/pico/pico-sdk/src/rp2_common/pico_standard_binary_info/standard_binary_info.c.o
 .rodata.__bi_78
                0x0000000010008cdc        0xc CMakeFiles/main.dir/home/bira/pico/pico-sdk/src/rp2_common/pico_standard_binary_info/standard_binary_info.c.o
 .rodata.__bi_84
                0x0000000010008ce8        0xc CMakeFiles/main.dir/home/bira/pico/pico-sdk/src/rp2_common/pico_standard_binary_info/standard_binary_info.c.o
 .rodata._ftoa.str1.4
                0x0000000010008cf4       0x15 CMakeFiles/main.dir/home/bira/pico/pico-sdk/src/rp2_common/pico_printf/printf.c.o
 *fill*         0x0000000010008d09        0x3 
 .rodata._vsnprintf
                0x0000000010008d0c      0x1e0 CMakeFiles/main.dir/home/bira/pico/pico-sdk/src/rp2_common/pico_printf/printf.c.o
 *fill*         0x0000000010008eec        0x4 
 .rodata.pow10.0
                0x0000000010008ef0       0x50 CMakeFiles/main.dir/home/bira/pico/pico-sdk/src/rp2_common/pico_printf/printf.c.o
 .rodata.crlf_str.0
                0x0000000010008f40        0x2 CMakeFiles/main.dir/home/bira/pico/pico-sdk/src/rp2_common/pico_stdio/stdio.c.o
 *fill*         0x0000000010008f42        0x2 
 .rodata.str1.4
                0x0000000010008f44       0x2c CMakeFiles/main.dir/home/bira/pico/pico-sdk/src/rp2_common/pico_stdio_uart/stdio_uart.c.o
 .rodata.__bi_45.4
                0x0000000010008f70        0xc CMakeFiles/main.dir/home/bira/pico/pico-sdk/src/rp2_common/pico_stdio_uart/stdio_uart.c.o
 .rodata.__bi_49.5
                0x0000000010008f7c        0x8 CMakeFiles/main.dir/home/bira/pico/pico-sdk/src/rp2_common/pico_stdio_uart/stdio_uart.c.o
 .rodata.__bi_50.6
                0x0000000010008f84        0x8 CMakeFiles/main.dir/home/bira/pico/pico-sdk/src/rp2_common/pico_stdio_uart/stdio_uart.c.o
 .rodata._resetd_driver
                0x0000000010008f8c       0x20 CMakeFiles/main.dir/home/bira/pico/pico-sdk/src/rp2_common/pico_stdio_usb/reset_interface.c.o
 .rodata.desc_bos
                0x0000000010008fac       0x21 CMakeFiles/main.dir/home/bira/pico/pico-sdk/src/rp2_common/pico_stdio_usb/reset_interface.c.o
                0x0000000010008fac                desc_bos
 *fill*         0x0000000010008fcd        0x3 
 .rodata.desc_ms_os_20
                0x0000000010008fd0       0xa6 CMakeFiles/main.dir/home/bira/pico/pico-sdk/src/rp2_common/pico_stdio_usb/reset_interface.c.o
 *fill*         0x0000000010009076        0x2 
 .rodata.str1.4
                0x0000000010009078       0x13 CMakeFiles/main.dir/home/bira/pico/pico-sdk/src/rp2_common/pico_stdio_usb/stdio_usb.c.o
 *fill*         0x000000001000908b        0x1 
 .rodata.__bi_197.0
                0x000000001000908c        0xc CMakeFiles/main.dir/home/bira/pico/pico-sdk/src/rp2_common/pico_stdio_usb/stdio_usb.c.o
 .rodata.str1.4
                0x0000000010009098       0x2a CMakeFiles/main.dir/home/bira/pico/pico-sdk/src/rp2_common/pico_stdio_usb/stdio_usb_descriptors.c.o
 *fill*         0x00000000100090c2        0x2 
 .rodata.usbd_desc_cfg
                0x00000000100090c4       0x54 CMakeFiles/main.dir/home/bira/pico/pico-sdk/src/rp2_common/pico_stdio_usb/stdio_usb_descriptors.c.o
 .rodata.usbd_desc_device
                0x0000000010009118       0x12 CMakeFiles/main.dir/home/bira/pico/pico-sdk/src/rp2_common/pico_stdio_usb/stdio_usb_descriptors.c.o
 *fill*         0x000000001000912a        0x2 
 .rodata.usbd_desc_str
                0x000000001000912c       0x18 CMakeFiles/main.dir/home/bira/pico/pico-sdk/src/rp2_common/pico_stdio_usb/stdio_usb_descriptors.c.o
 .rodata.str1.4
                0x0000000010009144       0x14 CMakeFiles/main.dir/home/bira/pico/pico-sdk/lib/tinyusb/src/portable/raspberrypi/rp2040/dcd_rp2040.c.o
 .rodata.str1.4
                0x0000000010009158       0x48 CMakeFiles/main.dir/home/bira/pico/pico-sdk/lib/tinyusb/src/portable/raspberrypi/rp2040/rp2040_usb.c.o
 .rodata.tud_task_ext
                0x00000000100091a0       0x8c CMakeFiles/main.dir/home/bira/pico/pico-sdk/lib/tinyusb/src/device/usbd.c.o
 .rodata        0x000000001000922c       0x1c CMakeFiles/main.dir/home/bira/pico/pico-sdk/lib/tinyusb/src/device/usbd.c.o
 .rodata._usbd_driver
                0x0000000010009248       0x40 CMakeFiles/main.dir/home/bira/pico/pico-sdk/lib/tinyusb/src/device/usbd.c.o
                0x0000000010009288                . = ALIGN (0x4)
 *(SORT_BY_ALIGNMENT(SORT_BY_NAME(.flashdata*)))
                0x0000000010009288                . = ALIGN (0x4)

.ARM.extab
 *(.ARM.extab* .gnu.linkonce.armextab.*)
                0x0000000010009288                __exidx_start = .

.ARM.exidx
 *(.ARM.exidx* .gnu.linkonce.armexidx.*)
                0x0000000010009288                __exidx_end = .
                0x0000000010009288                . = ALIGN (0x4)
                0x0000000010009288                __binary_info_start = .

.binary_info    0x0000000010009288       0x2c
 *(.binary_info.keep.*)
 .binary_info.keep.__bi_ptr26
                0x0000000010009288        0x4 CMakeFiles/main.dir/home/bira/pico/pico-sdk/src/rp2_common/pico_standard_binary_info/standard_binary_info.c.o
 .binary_info.keep.__bi_ptr34
                0x000000001000928c        0x4 CMakeFiles/main.dir/home/bira/pico/pico-sdk/src/rp2_common/pico_standard_binary_info/standard_binary_info.c.o
 .binary_info.keep.__bi_ptr42
                0x0000000010009290        0x4 CMakeFiles/main.dir/home/bira/pico/pico-sdk/src/rp2_common/pico_standard_binary_info/standard_binary_info.c.o
 .binary_info.keep.__bi_ptr48
                0x0000000010009294        0x4 CMakeFiles/main.dir/home/bira/pico/pico-sdk/src/rp2_common/pico_standard_binary_info/standard_binary_info.c.o
 .binary_info.keep.__bi_ptr54
                0x0000000010009298        0x4 CMakeFiles/main.dir/home/bira/pico/pico-sdk/src/rp2_common/pico_standard_binary_info/standard_binary_info.c.o
 .binary_info.keep.__bi_ptr78
                0x000000001000929c        0x4 CMakeFiles/main.dir/home/bira/pico/pico-sdk/src/rp2_common/pico_standard_binary_info/standard_binary_info.c.o
 .binary_info.keep.__bi_ptr84
                0x00000000100092a0        0x4 CMakeFiles/main.dir/home/bira/pico/pico-sdk/src/rp2_common/pico_standard_binary_info/standard_binary_info.c.o
 *(.binary_info.*)
 .binary_info.__bi_ptr45
                0x00000000100092a4        0x4 CMakeFiles/main.dir/home/bira/pico/pico-sdk/src/rp2_common/pico_stdio_uart/stdio_uart.c.o
 .binary_info.__bi_ptr49
                0x00000000100092a8        0x4 CMakeFiles/main.dir/home/bira/pico/pico-sdk/src/rp2_common/pico_stdio_uart/stdio_uart.c.o
 .binary_info.__bi_ptr50
                0x00000000100092ac        0x4 CMakeFiles/main.dir/home/bira/pico/pico-sdk/src/rp2_common/pico_stdio_uart/stdio_uart.c.o
 .binary_info.__bi_ptr197
                0x00000000100092b0        0x4 CMakeFiles/main.dir/home/bira/pico/pico-sdk/src/rp2_common/pico_stdio_usb/stdio_usb.c.o
                0x00000000100092b4                __binary_info_end = .

.rel.dyn        0x00000000100092b4        0x0
 .rel.iplt      0x00000000100092b4        0x0 /usr/lib/gcc/arm-none-eabi/10.3.1/thumb/v6-m/nofp/crtbegin.o
                0x00000000100092b4                . = ALIGN (0x4)

.ram_vector_table
                0x0000000020000000       0xc0
 *(.ram_vector_table)
 .ram_vector_table
                0x0000000020000000       0xc0 CMakeFiles/main.dir/home/bira/pico/pico-sdk/src/rp2_common/pico_runtime_init/runtime_init.c.o
                0x0000000020000000                ram_vector_table

.uninitialized_data
                0x00000000200000c0        0x0
                0x00000000200000c0                . = ALIGN (0x4)
 *(.uninitialized_data*)

.data           0x00000000200000c0     0x1878 load address 0x00000000100092b4
                0x00000000200000c0                __data_start__ = .
 *(vtable)
 *(.time_critical*)
 .time_critical.mutex_try_enter
                0x00000000200000c0       0x44 CMakeFiles/main.dir/home/bira/pico/pico-sdk/src/common/pico_sync/mutex.c.o
                0x00000000200000c0                mutex_try_enter
 .time_critical.mutex_try_enter_block_until
                0x0000000020000104       0x9c CMakeFiles/main.dir/home/bira/pico/pico-sdk/src/common/pico_sync/mutex.c.o
                0x0000000020000104                mutex_try_enter_block_until
 .time_critical.mutex_enter_timeout_ms
                0x00000000200001a0       0x90 CMakeFiles/main.dir/home/bira/pico/pico-sdk/src/common/pico_sync/mutex.c.o
                0x00000000200001a0                mutex_enter_timeout_ms
 .time_critical.mutex_exit
                0x0000000020000230       0x28 CMakeFiles/main.dir/home/bira/pico/pico-sdk/src/common/pico_sync/mutex.c.o
                0x0000000020000230                mutex_exit
 .time_critical.flash_init_boot2_copyout
                0x0000000020000258       0x30 CMakeFiles/main.dir/home/bira/pico/pico-sdk/src/rp2_common/hardware_flash/flash.c.o
 .time_critical.flash_enable_xip_via_boot2
                0x0000000020000288       0x10 CMakeFiles/main.dir/home/bira/pico/pico-sdk/src/rp2_common/hardware_flash/flash.c.o
 .time_critical.flash_cs_force
                0x0000000020000298       0x38 CMakeFiles/main.dir/home/bira/pico/pico-sdk/src/rp2_common/hardware_flash/flash.c.o
 .time_critical.flash_do_cmd
                0x00000000200002d0       0xc4 CMakeFiles/main.dir/home/bira/pico/pico-sdk/src/rp2_common/hardware_flash/flash.c.o
                0x00000000200002d0                flash_do_cmd
 .time_critical.reset_non_control_endpoints
                0x0000000020000394       0xbc CMakeFiles/main.dir/home/bira/pico/pico-sdk/lib/tinyusb/src/portable/raspberrypi/rp2040/dcd_rp2040.c.o
 .time_critical.hw_handle_buff_status
                0x0000000020000450       0xa8 CMakeFiles/main.dir/home/bira/pico/pico-sdk/lib/tinyusb/src/portable/raspberrypi/rp2040/dcd_rp2040.c.o
 .time_critical.dcd_rp2040_irq
                0x00000000200004f8      0x554 CMakeFiles/main.dir/home/bira/pico/pico-sdk/lib/tinyusb/src/portable/raspberrypi/rp2040/dcd_rp2040.c.o
 .time_critical.prepare_ep_buffer
                0x0000000020000a4c       0xf4 CMakeFiles/main.dir/home/bira/pico/pico-sdk/lib/tinyusb/src/portable/raspberrypi/rp2040/rp2040_usb.c.o
 .time_critical.sync_ep_buffer
                0x0000000020000b40       0xb4 CMakeFiles/main.dir/home/bira/pico/pico-sdk/lib/tinyusb/src/portable/raspberrypi/rp2040/rp2040_usb.c.o
 .time_critical._hw_endpoint_xfer_sync
                0x0000000020000bf4       0x28 CMakeFiles/main.dir/home/bira/pico/pico-sdk/lib/tinyusb/src/portable/raspberrypi/rp2040/rp2040_usb.c.o
 .time_critical.e15_is_bulkin_ep
                0x0000000020000c1c       0x28 CMakeFiles/main.dir/home/bira/pico/pico-sdk/lib/tinyusb/src/portable/raspberrypi/rp2040/rp2040_usb.c.o
 .time_critical.e15_is_critical_frame_period
                0x0000000020000c44       0x34 CMakeFiles/main.dir/home/bira/pico/pico-sdk/lib/tinyusb/src/portable/raspberrypi/rp2040/rp2040_usb.c.o
 .time_critical.hw_endpoint_reset_transfer
                0x0000000020000c78        0xc CMakeFiles/main.dir/home/bira/pico/pico-sdk/lib/tinyusb/src/portable/raspberrypi/rp2040/rp2040_usb.c.o
                0x0000000020000c78                hw_endpoint_reset_transfer
 .time_critical._hw_endpoint_buffer_control_update32
                0x0000000020000c84       0x50 CMakeFiles/main.dir/home/bira/pico/pico-sdk/lib/tinyusb/src/portable/raspberrypi/rp2040/rp2040_usb.c.o
                0x0000000020000c84                _hw_endpoint_buffer_control_update32
 .time_critical.hw_endpoint_start_next_buffer
                0x0000000020000cd4       0x6c CMakeFiles/main.dir/home/bira/pico/pico-sdk/lib/tinyusb/src/portable/raspberrypi/rp2040/rp2040_usb.c.o
                0x0000000020000cd4                hw_endpoint_start_next_buffer
 .time_critical.hw_endpoint_xfer_continue
                0x0000000020000d40       0x40 CMakeFiles/main.dir/home/bira/pico/pico-sdk/lib/tinyusb/src/portable/raspberrypi/rp2040/rp2040_usb.c.o
                0x0000000020000d40                hw_endpoint_xfer_continue
 .time_critical.tinyusb
                0x0000000020000d80      0x1f0 CMakeFiles/main.dir/home/bira/pico/pico-sdk/lib/tinyusb/src/device/usbd.c.o
                0x0000000020000d80                dcd_event_handler
 *(.text*)
 .text          0x0000000020000f70        0x4 /usr/lib/gcc/arm-none-eabi/10.3.1/thumb/v6-m/nofp/libgcc.a(_dvmd_tls.o)
                0x0000000020000f70                __aeabi_ldiv0
                0x0000000020000f70                __aeabi_idiv0
 *fill*         0x0000000020000f74        0x4 
 .text.__stub   0x0000000020000f78       0x80 linker stubs
                0x0000000020000ff8                . = ALIGN (0x4)
 *(.rodata*)
                0x0000000020000ff8                . = ALIGN (0x4)
 *(.data*)
 .data.st       0x0000000020000ff8        0x4 CMakeFiles/main.dir/buttom.c.o
                0x0000000020000ff8                st
 .data.uc       0x0000000020000ffc        0x4 CMakeFiles/main.dir/buttom.c.o
                0x0000000020000ffc                uc
 .data.ut       0x0000000020001000        0x4 CMakeFiles/main.dir/buttom.c.o
                0x0000000020001000                ut
 .data.bpm      0x0000000020001004        0x4 CMakeFiles/main.dir/potentiometer.c.o
                0x0000000020001004                bpm
 .data.striped_spin_lock_num
                0x0000000020001008        0x1 CMakeFiles/main.dir/home/bira/pico/pico-sdk/src/rp2_common/hardware_sync/sync.c.o
 *fill*         0x0000000020001009        0x3 
 .data          0x000000002000100c       0x48 CMakeFiles/main.dir/home/bira/pico/pico-sdk/src/rp2_common/hardware_irq/irq_handler_chain.S.o
                0x000000002000100c                irq_handler_chain_slots
                0x000000002000103c                irq_handler_chain_first_slot
                0x0000000020001046                irq_handler_chain_remove_tail
 .data.default_alarm_pool
                0x0000000020001054       0x18 CMakeFiles/main.dir/home/bira/pico/pico-sdk/src/common/pico_time/time.c.o
 *fill*         0x000000002000106c        0x4 
 .data.aeabi_bits_funcs
                0x0000000020001070       0x10 CMakeFiles/main.dir/home/bira/pico/pico-sdk/src/rp2_common/pico_bit_ops/bit_ops_aeabi.S.o
                0x0000000020001070                aeabi_bits_funcs
                0x0000000020001080                aeabi_bits_funcs_end
 .data.aeabi_mem_funcs
                0x0000000020001080       0x10 CMakeFiles/main.dir/home/bira/pico/pico-sdk/src/rp2_common/pico_mem_ops/mem_ops_aeabi.S.o
                0x0000000020001080                aeabi_mem_funcs
                0x0000000020001090                aeabi_mem_funcs_end
 .data.stdio_uart
                0x0000000020001090       0x18 CMakeFiles/main.dir/home/bira/pico/pico-sdk/src/rp2_common/pico_stdio_uart/stdio_uart.c.o
                0x0000000020001090                stdio_uart
 .data.stdio_usb
                0x00000000200010a8       0x18 CMakeFiles/main.dir/home/bira/pico/pico-sdk/src/rp2_common/pico_stdio_usb/stdio_usb.c.o
                0x00000000200010a8                stdio_usb
 .data._usbd_qdef
                0x00000000200010c0       0x1c CMakeFiles/main.dir/home/bira/pico/pico-sdk/lib/tinyusb/src/device/usbd.c.o
                0x00000000200010c0                _usbd_qdef
 .data._usbd_rhport
                0x00000000200010dc        0x1 CMakeFiles/main.dir/home/bira/pico/pico-sdk/lib/tinyusb/src/device/usbd.c.o
 *fill*         0x00000000200010dd        0x3 
 .data.i2c0_inst
                0x00000000200010e0        0x8 CMakeFiles/main.dir/home/bira/pico/pico-sdk/src/rp2_common/hardware_i2c/i2c.c.o
                0x00000000200010e0                i2c0_inst
 .data.i2c1_inst
                0x00000000200010e8        0x8 CMakeFiles/main.dir/home/bira/pico/pico-sdk/src/rp2_common/hardware_i2c/i2c.c.o
                0x00000000200010e8                i2c1_inst
 .data          0x00000000200010f0      0x430 /usr/lib/gcc/arm-none-eabi/10.3.1/../../../arm-none-eabi/lib/thumb/v6-m/nofp/libg.a(lib_a-impure.o)
                0x00000000200010f0                _impure_ptr
 .data          0x0000000020001520      0x410 /usr/lib/gcc/arm-none-eabi/10.3.1/../../../arm-none-eabi/lib/thumb/v6-m/nofp/libg.a(lib_a-mallocr.o)
                0x0000000020001520                __malloc_sbrk_base
                0x0000000020001524                __malloc_trim_threshold
                0x0000000020001528                __malloc_av_
                0x0000000020001930                . = ALIGN (0x4)
 *(.after_data.*)
                0x0000000020001930                . = ALIGN (0x4)
                0x0000000020001930                PROVIDE (__mutex_array_start = .)
 *(SORT_BY_NAME(.mutex_array.*))
 *(.mutex_array)
 .mutex_array   0x0000000020001930        0x8 CMakeFiles/main.dir/home/bira/pico/pico-sdk/src/rp2_common/pico_stdio/stdio.c.o
                0x0000000020001938                PROVIDE (__mutex_array_end = .)
                0x0000000020001938                . = ALIGN (0x4)
 *(.jcr)
                0x0000000020001938                . = ALIGN (0x4)

.tm_clone_table
                0x0000000020001938        0x0 load address 0x000000001000ab2c
 .tm_clone_table
                0x0000000020001938        0x0 /usr/lib/gcc/arm-none-eabi/10.3.1/thumb/v6-m/nofp/crtbegin.o
 .tm_clone_table
                0x0000000020001938        0x0 /usr/lib/gcc/arm-none-eabi/10.3.1/thumb/v6-m/nofp/crtend.o

.igot.plt       0x0000000020001938        0x0 load address 0x000000001000ab2c
 .igot.plt      0x0000000020001938        0x0 /usr/lib/gcc/arm-none-eabi/10.3.1/thumb/v6-m/nofp/crtbegin.o

.tdata          0x0000000020001938        0x0 load address 0x000000001000ab2c
                0x0000000020001938                . = ALIGN (0x4)
 *(.tdata .tdata.* .gnu.linkonce.td.*)
                0x0000000020001938                __tdata_end = .
                0x0000000020001938                PROVIDE (__data_end__ = .)
                0x00000000100092b4                __etext = LOADADDR (.data)

.tbss           0x0000000020001938        0x0 load address 0x000000001000ab2c
                0x0000000020001938                . = ALIGN (0x4)
                0x0000000020001938                __bss_start__ = .
                0x0000000020001938                __tls_base = .
 *(.tbss .tbss.* .gnu.linkonce.tb.*)
 *(.tcommon)
                0x0000000020001938                __tls_end = .

.bss            0x0000000020001938     0x1104 load address 0x000000001000ab2c
                0x0000000020001938                . = ALIGN (0x4)
                0x0000000020001938                __tbss_end = .
 *(SORT_BY_ALIGNMENT(SORT_BY_NAME(.bss*)))
 .bss.default_alarm_pool_entries
                0x0000000020001938      0x180 CMakeFiles/main.dir/home/bira/pico/pico-sdk/src/common/pico_time/time.c.o
 .bss.last_avail_time.1
                0x0000000020001ab8        0x8 CMakeFiles/main.dir/home/bira/pico/pico-sdk/src/rp2_common/pico_stdio_usb/stdio_usb.c.o
 .bss.last_press_time
                0x0000000020001ac0        0x8 CMakeFiles/main.dir/buttom.c.o
                0x0000000020001ac0                last_press_time
 .bss.sd_table  0x0000000020001ac8      0x100 CMakeFiles/main.dir/home/bira/pico/pico-sdk/src/rp2_common/pico_double/double_init_rom_rp2040.c.o
                0x0000000020001ac8                sd_table
 .bss.sf_table  0x0000000020001bc8      0x100 CMakeFiles/main.dir/home/bira/pico/pico-sdk/src/rp2_common/pico_float/float_init_rom_rp2040.c.o
                0x0000000020001bc8                sf_table
 .bss           0x0000000020001cc8       0x1c /usr/lib/gcc/arm-none-eabi/10.3.1/thumb/v6-m/nofp/crtbegin.o
 .bss           0x0000000020001ce4       0x34 /usr/lib/gcc/arm-none-eabi/10.3.1/../../../arm-none-eabi/lib/thumb/v6-m/nofp/libg.a(lib_a-mallocr.o)
                0x0000000020001ce4                __malloc_top_pad
                0x0000000020001ce8                __malloc_current_mallinfo
                0x0000000020001d10                __malloc_max_sbrked_mem
                0x0000000020001d14                __malloc_max_total_mem
 .bss           0x0000000020001d18        0x4 /usr/lib/gcc/arm-none-eabi/10.3.1/../../../arm-none-eabi/lib/thumb/v6-m/nofp/libg.a(lib_a-reent.o)
                0x0000000020001d18                errno
 .bss._app_driver
                0x0000000020001d1c        0x4 CMakeFiles/main.dir/home/bira/pico/pico-sdk/lib/tinyusb/src/device/usbd.c.o
 .bss._cdcd_fifo_cfg
                0x0000000020001d20        0x1 CMakeFiles/main.dir/home/bira/pico/pico-sdk/lib/tinyusb/src/class/cdc/cdc_device.c.o
 *fill*         0x0000000020001d21        0x3 
 .bss._cdcd_itf
                0x0000000020001d24      0x2c8 CMakeFiles/main.dir/home/bira/pico/pico-sdk/lib/tinyusb/src/class/cdc/cdc_device.c.o
 .bss._ctrl_xfer
                0x0000000020001fec       0x14 CMakeFiles/main.dir/home/bira/pico/pico-sdk/lib/tinyusb/src/device/usbd_control.c.o
 .bss._ubsd_mutexdef
                0x0000000020002000        0x8 CMakeFiles/main.dir/home/bira/pico/pico-sdk/lib/tinyusb/src/device/usbd.c.o
 .bss._usbd_ctrl_buf
                0x0000000020002008       0x40 CMakeFiles/main.dir/home/bira/pico/pico-sdk/lib/tinyusb/src/device/usbd_control.c.o
 .bss._usbd_dev
                0x0000000020002048       0x54 CMakeFiles/main.dir/home/bira/pico/pico-sdk/lib/tinyusb/src/device/usbd.c.o
 .bss._usbd_mutex
                0x000000002000209c        0x4 CMakeFiles/main.dir/home/bira/pico/pico-sdk/lib/tinyusb/src/device/usbd.c.o
 .bss._usbd_q   0x00000000200020a0        0x4 CMakeFiles/main.dir/home/bira/pico/pico-sdk/lib/tinyusb/src/device/usbd.c.o
 .bss._usbd_qdef_buf
                0x00000000200020a4       0xc0 CMakeFiles/main.dir/home/bira/pico/pico-sdk/lib/tinyusb/src/device/usbd.c.o
                0x00000000200020a4                _usbd_qdef_buf
 .bss._vendord_itf
                0x0000000020002164      0x2cc CMakeFiles/main.dir/home/bira/pico/pico-sdk/lib/tinyusb/src/class/vendor/vendor_device.c.o